Archive member included to satisfy reference by file (symbol)

c:/program files/microchip/xc32/v4.10/bin/bin/../../lib/gcc/pic32c/8.3.1/../../../../pic32c/lib/thumb/v7e-m+fp/hard\libpic32c.a(data_init.o)
                              build/default/production/_ext/1171490990/startup_xc32.o (__pic32c_data_initialization)
c:/program files/microchip/xc32/v4.10/bin/bin/../../lib/gcc/pic32c/8.3.1/../../../../pic32c/lib/thumb/v7e-m+fp/hard\libm-emfloat.a(floatasmops_arm.o)
                              build/default/production/_ext/1033058136/iperf.o (__aeabi_dadd)
c:/program files/microchip/xc32/v4.10/bin/bin/../../lib/gcc/pic32c/8.3.1/../../../../pic32c/lib/thumb/v7e-m+fp/hard\libc-musl.a(isxdigit.o)
                              build/default/production/_ext/1033058136/tcpip_helpers.o (isxdigit)
c:/program files/microchip/xc32/v4.10/bin/bin/../../lib/gcc/pic32c/8.3.1/../../../../pic32c/lib/thumb/v7e-m+fp/hard\libc-musl.a(tolower.o)
                              build/default/production/_ext/1033058136/helpers.o (tolower)
c:/program files/microchip/xc32/v4.10/bin/bin/../../lib/gcc/pic32c/8.3.1/../../../../pic32c/lib/thumb/v7e-m+fp/hard\libc-musl.a(toupper.o)
                              build/default/production/_ext/1033058136/tcpip_helpers.o (toupper)
c:/program files/microchip/xc32/v4.10/bin/bin/../../lib/gcc/pic32c/8.3.1/../../../../pic32c/lib/thumb/v7e-m+fp/hard\libc-musl.a(__libc_start_main.o)
                              build/default/production/_ext/1171490990/startup_xc32.o (__libc_init_array)
c:/program files/microchip/xc32/v4.10/bin/bin/../../lib/gcc/pic32c/8.3.1/../../../../pic32c/lib/thumb/v7e-m+fp/hard\libc-musl.a(libc.o)
                              c:/program files/microchip/xc32/v4.10/bin/bin/../../lib/gcc/pic32c/8.3.1/../../../../pic32c/lib/thumb/v7e-m+fp/hard\libc-musl.a(__libc_start_main.o) (__progname_full)
c:/program files/microchip/xc32/v4.10/bin/bin/../../lib/gcc/pic32c/8.3.1/../../../../pic32c/lib/thumb/v7e-m+fp/hard\libc-musl.a(malloc.o)
                              build/default/production/_ext/1645245335/crypto.o (free)
c:/program files/microchip/xc32/v4.10/bin/bin/../../lib/gcc/pic32c/8.3.1/../../../../pic32c/lib/thumb/v7e-m+fp/hard\libc-musl.a(expand_heap.o)
                              c:/program files/microchip/xc32/v4.10/bin/bin/../../lib/gcc/pic32c/8.3.1/../../../../pic32c/lib/thumb/v7e-m+fp/hard\libc-musl.a(malloc.o) (__expand_heap)
c:/program files/microchip/xc32/v4.10/bin/bin/../../lib/gcc/pic32c/8.3.1/../../../../pic32c/lib/thumb/v7e-m+fp/hard\libc-musl.a(rand.o)
                              build/default/production/_ext/1664057780/random.o (srand)
c:/program files/microchip/xc32/v4.10/bin/bin/../../lib/gcc/pic32c/8.3.1/../../../../pic32c/lib/thumb/v7e-m+fp/hard\libc-musl.a(vsnprintf.o)
                              build/default/production/_ext/181894553/drv_lan865x_api.o (vsnprintf)
c:/program files/microchip/xc32/v4.10/bin/bin/../../lib/gcc/pic32c/8.3.1/../../../../pic32c/lib/thumb/v7e-m+fp/hard\libc-musl.a(snprintf.o)
                              (snprintf)
c:/program files/microchip/xc32/v4.10/bin/bin/../../lib/gcc/pic32c/8.3.1/../../../../pic32c/lib/thumb/v7e-m+fp/hard\libc-musl.a(sprintf.o)
                              (sprintf)
c:/program files/microchip/xc32/v4.10/bin/bin/../../lib/gcc/pic32c/8.3.1/../../../../pic32c/lib/thumb/v7e-m+fp/hard\libc-musl.a(vsprintf.o)
                              c:/program files/microchip/xc32/v4.10/bin/bin/../../lib/gcc/pic32c/8.3.1/../../../../pic32c/lib/thumb/v7e-m+fp/hard\libc-musl.a(sprintf.o) (vsprintf)
c:/program files/microchip/xc32/v4.10/bin/bin/../../lib/gcc/pic32c/8.3.1/../../../../pic32c/lib/thumb/v7e-m+fp/hard\libc-musl.a(atoi.o)
                              build/default/production/_ext/1033058136/tcpip_commands.o (atoi)
c:/program files/microchip/xc32/v4.10/bin/bin/../../lib/gcc/pic32c/8.3.1/../../../../pic32c/lib/thumb/v7e-m+fp/hard\libc-musl.a(strtol.o)
                              build/default/production/_ext/1033058136/tcpip_commands.o (strtoul)
c:/program files/microchip/xc32/v4.10/bin/bin/../../lib/gcc/pic32c/8.3.1/../../../../pic32c/lib/thumb/v7e-m+fp/hard\libc-musl.a(memcmp.o)
                              build/default/production/_ext/1546807373/drv_gmac.o (memcmp)
c:/program files/microchip/xc32/v4.10/bin/bin/../../lib/gcc/pic32c/8.3.1/../../../../pic32c/lib/thumb/v7e-m+fp/hard\libc-musl.a(memcpy.o)
                              build/default/production/_ext/1546807373/drv_gmac.o (memcpy)
c:/program files/microchip/xc32/v4.10/bin/bin/../../lib/gcc/pic32c/8.3.1/../../../../pic32c/lib/thumb/v7e-m+fp/hard\libc-musl.a(memmove.o)
                              build/default/production/_ext/1664057780/asn.o (memmove)
c:/program files/microchip/xc32/v4.10/bin/bin/../../lib/gcc/pic32c/8.3.1/../../../../pic32c/lib/thumb/v7e-m+fp/hard\libc-musl.a(memset.o)
                              build/default/production/_ext/1546807373/drv_gmac.o (memset)
[...]
Memory Configuration

Name             Origin             Length             Attributes
rom              0x00000000         0x00100000         xrl
ram              0x20000000         0x00040000         xw !r
tcm              0x03000000         0x00000000         xw
bkupram          0x47000000         0x00002000
config_00804000  0x00804000         0x00000004
config_00804004  0x00804004         0x00000004
config_00804008  0x00804008         0x00000004
*default*        0x00000000         0xffffffff

Linker script and memory map

LOAD c:/program files/microchip/xc32/v4.10/bin/bin/../../lib/gcc/pic32c/8.3.1/thumb/v7e-m+fp/hard/crti.o
LOAD c:/program files/microchip/xc32/v4.10/bin/bin/../../lib/gcc/pic32c/8.3.1/thumb/v7e-m+fp/hard/crtbegin.o
LOAD build/default/production/_ext/1645245335/crypto.o
LOAD build/default/production/_ext/444070925/drv_extphy_lan8740.o
LOAD build/default/production/_ext/444070925/drv_ethphy.o
LOAD build/default/production/_ext/1546807373/drv_gmac.o
LOAD build/default/production/_ext/1546807373/drv_gmac_lib_samE5x.o
LOAD build/default/production/_ext/1319885263/tc6.o
LOAD build/default/production/_ext/181894553/drv_lan865x_api.o
LOAD build/default/production/_ext/438849557/drv_miim_gmac.o
LOAD build/default/production/_ext/438849557/drv_miim.o
LOAD build/default/production/_ext/2070931557/drv_spi.o
LOAD build/default/production/_ext/1033058136/helpers.o
LOAD build/default/production/_ext/1033058136/oahash.o
LOAD build/default/production/_ext/1033058136/tcpip_heap_alloc.o
LOAD build/default/production/_ext/1033058136/tcpip_manager.o
LOAD build/default/production/_ext/1033058136/dns.o
LOAD build/default/production/_ext/1033058136/tcpip_helpers.o
LOAD build/default/production/_ext/1033058136/dhcp.o
LOAD build/default/production/_ext/1033058136/hash_fnv.o
LOAD build/default/production/_ext/1033058136/tcpip_commands.o
LOAD build/default/production/_ext/1033058136/tcpip_notify.o
LOAD build/default/production/_ext/1033058136/tcpip_heap_internal.o
LOAD build/default/production/_ext/1033058136/tcpip_packet.o
LOAD build/default/production/_ext/1033058136/tcpip_mac_bridge.o
LOAD build/default/production/_ext/1033058136/ipv4.o
LOAD build/default/production/_ext/1033058136/telnet.o
LOAD build/default/production/_ext/1033058136/udp.o
LOAD build/default/production/_ext/1033058136/arp.o
LOAD build/default/production/_ext/1033058136/tcp.o
LOAD build/default/production/_ext/1033058136/iperf.o
LOAD build/default/production/_ext/1033058136/icmp.o
LOAD build/default/production/_ext/1508031553/net_pres.o
LOAD build/default/production/_ext/1640433940/net_pres_enc_glue.o
LOAD build/default/production/_ext/1640433940/net_pres_cert_store.o
LOAD build/default/production/_ext/1984496892/plib_clock.o
LOAD build/default/production/_ext/1865131932/plib_cmcc.o
LOAD build/default/production/_ext/1865161661/plib_dmac.o
LOAD build/default/production/_ext/1986646378/plib_evsys.o
LOAD build/default/production/_ext/1865468468/plib_nvic.o
LOAD build/default/production/_ext/1593096446/plib_nvmctrl.o
LOAD build/default/production/_ext/1865521619/plib_port.o
LOAD build/default/production/_ext/17022449/plib_sercom0_spi_master.o
LOAD build/default/production/_ext/504274921/plib_sercom1_usart.o
LOAD build/default/production/_ext/829342655/plib_tc0.o
LOAD build/default/production/_ext/163028504/xc32_monitor.o
LOAD build/default/production/_ext/1014039709/sys_cache.o
LOAD build/default/production/_ext/1376093119/sys_command.o
LOAD build/default/production/_ext/1832805299/sys_console_uart.o
LOAD build/default/production/_ext/1832805299/sys_console.o
LOAD build/default/production/_ext/944882569/sys_debug.o
LOAD build/default/production/_ext/14461671/sys_dma.o
LOAD build/default/production/_ext/1881668453/sys_int.o
LOAD build/default/production/_ext/1000052432/sys_reset.o
LOAD build/default/production/_ext/101884895/sys_time.o
LOAD build/default/production/_ext/753841488/sys_time_h2_adapter.o
LOAD build/default/production/_ext/753841488/sys_random_h2_adapter.o
LOAD build/default/production/_ext/1171490990/startup_xc32.o
LOAD build/default/production/_ext/1171490990/interrupts.o
LOAD build/default/production/_ext/1171490990/libc_syscalls.o
LOAD build/default/production/_ext/1171490990/initialization.o
LOAD build/default/production/_ext/1171490990/tasks.o
LOAD build/default/production/_ext/1171490990/exceptions.o
LOAD build/default/production/_ext/172253694/crypt_aes_u2238.o
LOAD build/default/production/_ext/172253694/crypt_sha224_sam11105.o
LOAD build/default/production/_ext/172253694/crypt_rng_u2242.o
LOAD build/default/production/_ext/172253694/crypt_aes_sam6149.o
LOAD build/default/production/_ext/172253694/crypt_sha384_sam6156.o
LOAD build/default/production/_ext/172253694/crypt_pukcl_functions.o
LOAD build/default/production/_ext/172253694/crypt_sha224_sam6156.o
LOAD build/default/production/_ext/172253694/crypt_sha1_sam6156.o
LOAD build/default/production/_ext/172253694/crypt_sha1_sam11105.o
LOAD build/default/production/_ext/172253694/crypt_rng_sam6334.o
LOAD build/default/production/_ext/172253694/crypt_sha256_sam11105.o
LOAD build/default/production/_ext/172253694/pic32mz-crypt.o
LOAD build/default/production/_ext/172253694/crypt_ecc_pukcl.o
LOAD build/default/production/_ext/172253694/crypt_rsa_pukcl.o
LOAD build/default/production/_ext/172253694/crypt_ecc_ba414e.o
LOAD build/default/production/_ext/172253694/crypt_sha512_sam6156.o
LOAD build/default/production/_ext/172253694/crypt_tdes_sam6150.o
LOAD build/default/production/_ext/172253694/crypt_wolfcryptcb.o
LOAD build/default/production/_ext/172253694/crypt_sha256_sam6156.o
LOAD build/default/production/_ext/172253694/crypt_sam_u2803.o
LOAD build/default/production/_ext/1664057780/curve448.o
LOAD build/default/production/_ext/1664057780/fe_low_mem.o
LOAD build/default/production/_ext/1664057780/sakke.o
LOAD build/default/production/_ext/1664057780/sp_c32.o
LOAD build/default/production/_ext/1664057780/blake2s.o
LOAD build/default/production/_ext/1664057780/compress.o
LOAD build/default/production/_ext/1664057780/chacha20_poly1305.o
LOAD build/default/production/_ext/1664057780/sha3.o
LOAD build/default/production/_ext/1664057780/fe_operations.o
LOAD build/default/production/_ext/1664057780/poly1305.o
LOAD build/default/production/_ext/1664057780/wc_port.o
LOAD build/default/production/_ext/1664057780/sp_x86_64.o
LOAD build/default/production/_ext/1664057780/ed25519.o
LOAD build/default/production/_ext/1664057780/wc_encrypt.o
LOAD build/default/production/_ext/1664057780/misc.o
LOAD build/default/production/_ext/1664057780/asn.o
LOAD build/default/production/_ext/1664057780/sha512.o
LOAD build/default/production/_ext/1664057780/kdf.o
LOAD build/default/production/_ext/1664057780/pwdbased.o
LOAD build/default/production/_ext/1664057780/blake2b.o
LOAD build/default/production/_ext/1664057780/camellia.o
LOAD build/default/production/_ext/1664057780/memory.o
LOAD build/default/production/_ext/1664057780/ed448.o
LOAD build/default/production/_ext/1664057780/sp_arm64.o
LOAD build/default/production/_ext/1664057780/asm.o
LOAD build/default/production/_ext/1664057780/cpuid.o
LOAD build/default/production/_ext/1664057780/logging.o
LOAD build/default/production/_ext/1664057780/error.o
LOAD build/default/production/_ext/1664057780/sp_arm32.o
LOAD build/default/production/_ext/1664057780/ecc_fp.o
LOAD build/default/production/_ext/1664057780/siphash.o
LOAD build/default/production/_ext/1664057780/eccsi.o
LOAD build/default/production/_ext/1664057780/falcon.o
LOAD build/default/production/_ext/1664057780/signature.o
LOAD build/default/production/_ext/1664057780/curve25519.o
LOAD build/default/production/_ext/1664057780/pkcs12.o
LOAD build/default/production/_ext/1664057780/pkcs7.o
LOAD build/default/production/_ext/1664057780/rc2.o
LOAD build/default/production/_ext/1664057780/hash.o
LOAD build/default/production/_ext/1664057780/ripemd.o
LOAD build/default/production/_ext/1664057780/cryptocb.o
LOAD build/default/production/_ext/1664057780/wolfevent.o
LOAD build/default/production/_ext/1664057780/dsa.o
LOAD build/default/production/_ext/1664057780/aes.o
LOAD build/default/production/_ext/1664057780/coding.o
LOAD build/default/production/_ext/1664057780/sha256.o
LOAD build/default/production/_ext/1664057780/integer.o
LOAD build/default/production/_ext/1664057780/ge_low_mem.o
LOAD build/default/production/_ext/1664057780/sp_cortexm.o
LOAD build/default/production/_ext/1664057780/random.o
LOAD build/default/production/_ext/1664057780/sp_armthumb.o
LOAD build/default/production/_ext/1664057780/sp_int.o
LOAD build/default/production/_ext/1664057780/hmac.o
LOAD build/default/production/_ext/1664057780/arc4.o
LOAD build/default/production/_ext/1664057780/wc_dsp.o
LOAD build/default/production/_ext/1664057780/wolfmath.o
LOAD build/default/production/_ext/1664057780/evp.o
LOAD build/default/production/_ext/1664057780/dh.o
LOAD build/default/production/_ext/1664057780/ge_448.o
LOAD build/default/production/_ext/1664057780/wc_pkcs11.o
LOAD build/default/production/_ext/1664057780/chacha.o
LOAD build/default/production/_ext/1664057780/ge_operations.o
LOAD build/default/production/_ext/1664057780/md2.o
LOAD build/default/production/_ext/1664057780/sp_c64.o
LOAD build/default/production/_ext/1664057780/cmac.o
LOAD build/default/production/_ext/1664057780/rsa.o
LOAD build/default/production/_ext/1664057780/md5.o
LOAD build/default/production/_ext/1664057780/des3.o
LOAD build/default/production/_ext/1664057780/tfm.o
LOAD build/default/production/_ext/1664057780/sp_dsp32.o
LOAD build/default/production/_ext/1664057780/ecc.o
LOAD build/default/production/_ext/1664057780/md4.o
LOAD build/default/production/_ext/1664057780/sha.o
LOAD build/default/production/_ext/1664057780/fe_448.o
LOAD build/default/production/_ext/1664057780/srp.o
LOAD build/default/production/_ext/1360937237/app.o
LOAD build/default/production/_ext/1360937237/main.o
                0x00000001                __MPLAB_BUILD = 0x1
                0x00018000                _min_heap_size = 0x18000
START GROUP
LOAD c:/program files/microchip/xc32/v4.10/bin/bin/../../lib/gcc/pic32c/8.3.1/../../../../pic32c/lib/thumb/v7e-m+fp/hard\libpic32c.a
LOAD c:/program files/microchip/xc32/v4.10/bin/bin/../../lib/gcc/pic32c/8.3.1/../../../../pic32c/lib/thumb/v7e-m+fp/hard\libm-emfloat.a
LOAD c:/program files/microchip/xc32/v4.10/bin/bin/../../lib/gcc/pic32c/8.3.1/../../../../pic32c/lib/thumb/v7e-m+fp/hard\libc-musl.a
LOAD c:/program files/microchip/xc32/v4.10/bin/bin/../../lib/gcc/pic32c/8.3.1/../../../../pic32c/lib/thumb/v7e-m+fp/hard\libm-emfloat.a
LOAD c:/program files/microchip/xc32/v4.10/bin/bin/../../lib/gcc/pic32c/8.3.1/thumb/v7e-m+fp/hard\libgcc.a
END GROUP
LOAD c:/program files/microchip/xc32/v4.10/bin/bin/../../lib/gcc/pic32c/8.3.1/thumb/v7e-m+fp/hard/crtend.o
LOAD c:/program files/microchip/xc32/v4.10/bin/bin/../../lib/gcc/pic32c/8.3.1/thumb/v7e-m+fp/hard/crtn.o
                0x00100000                __rom_end = (ORIGIN (rom) + LENGTH (rom))
                0x20040000                __ram_end = (ORIGIN (ram) + LENGTH (ram))

.config_00804000
 *(.config_00804000)

.config_00804004
 *(.config_00804004)

.config_00804008
 *(.config_00804008)

.vectors        0x00000000      0x264
                0x00000000                . = ALIGN (0x4)
                0x00000000                _sfixed = .
 *(.vectors .vectors.* .vectors_default .vectors_default.*)
 .vectors.exception_table
                0x00000000      0x264 build/default/production/_ext/1171490990/interrupts.o
                0x00000000                exception_table
 *(.isr_vector)
 *(.reset*)
 *(.after_vectors)

.text           0x00000264       0x20
                0x00000264                . = ALIGN (0x4)
 *(.glue_7t)
 .glue_7t       0x00000264        0x0 linker stubs
 *(.glue_7)
 .glue_7        0x00000264        0x0 linker stubs
 *(.gnu.linkonce.r.*)
 *(.ARM.extab* .gnu.linkonce.armextab.*)
                0x00000264                . = ALIGN (0x4)
 *(.init)
 .init          0x00000264        0x4 c:/program files/microchip/xc32/v4.10/bin/bin/../../lib/gcc/pic32c/8.3.1/thumb/v7e-m+fp/hard/crti.o
                0x00000264                _init
 .init          0x00000268        0x8 c:/program files/microchip/xc32/v4.10/bin/bin/../../lib/gcc/pic32c/8.3.1/thumb/v7e-m+fp/hard/crtn.o
                0x00000270                . = ALIGN (0x4)
                0x00000270                __preinit_array_start = .
 *(.preinit_array)
                0x00000270                __preinit_array_end = .
                0x00000270                . = ALIGN (0x4)
                0x00000270                __init_array_start = .
 *(SORT_BY_NAME(.init_array.*))
 *(.init_array)
 .init_array    0x00000270        0x4 c:/program files/microchip/xc32/v4.10/bin/bin/../../lib/gcc/pic32c/8.3.1/thumb/v7e-m+fp/hard/crtbegin.o
                0x00000274                __init_array_end = .
                0x00000274                . = ALIGN (0x4)
 *crtbegin.o(.ctors)
 *(EXCLUDE_FILE(*crtend.o) .ctors)
 *(SORT_BY_NAME(.ctors.*))
 *crtend.o(.ctors)
                0x00000274                . = ALIGN (0x4)
 *(.fini)
 .fini          0x00000274        0x4 c:/program files/microchip/xc32/v4.10/bin/bin/../../lib/gcc/pic32c/8.3.1/thumb/v7e-m+fp/hard/crti.o
                0x00000274                _fini
 .fini          0x00000278        0x8 c:/program files/microchip/xc32/v4.10/bin/bin/../../lib/gcc/pic32c/8.3.1/thumb/v7e-m+fp/hard/crtn.o
                0x00000280                . = ALIGN (0x4)
                0x00000280                __fini_array_start = .
 *(.fini_array)
 .fini_array    0x00000280        0x4 c:/program files/microchip/xc32/v4.10/bin/bin/../../lib/gcc/pic32c/8.3.1/thumb/v7e-m+fp/hard/crtbegin.o
 *(SORT_BY_NAME(.fini_array.*))
                0x00000284                __fini_array_end = .
 *crtbegin.o(.dtors)
 *(EXCLUDE_FILE(*crtend.o) .dtors)
 *(SORT_BY_NAME(.dtors.*))
 *crtend.o(.dtors)
                0x00000284                . = ALIGN (0x4)
                0x00000284                _efixed = .
                [!provide]                PROVIDE (__exidx_start = .)

.ARM.exidx      0x00000284        0x8
 *(.ARM.exidx* .gnu.linkonce.armexidx.*)
 .ARM.exidx     0x00000284        0x8 c:/program files/microchip/xc32/v4.10/bin/bin/../../lib/gcc/pic32c/8.3.1/thumb/v7e-m+fp/hard\libgcc.a(_udivmoddi4.o)
                [!provide]                PROVIDE (__exidx_end = .)
                0x0000028c                . = ALIGN (0x4)
                0x0000028c                _etext = .

.bss            0x20000000        0x0
                0x20000000                . = ALIGN (0x4)
                0x20000000                __bss_start__ = .
                0x20000000                _sbss = .
                0x20000000                _szero = .
 *(COMMON)
                0x20000000                . = ALIGN (0x4)
                0x20000000                __bss_end__ = .
                0x20000000                _ebss = .
                0x20000000                _ezero = .
                0x20000000                . = ALIGN (0x4)
                0x20000000                _end = .
                0x2003ffff                _ram_end_ = ((ORIGIN (ram) + LENGTH (ram)) - 0x1)

.bkupram_bss
 *(.bkupram_bss .bkupram_bss.*)
 *(.pbss .pbss.*)
OUTPUT(dist/default/production/T1S_100BaseT_Bridge.X.production.elf elf32-littlearm)
LOAD stack
LOAD data_init

.ARM.attributes
                0x00000000       0x32
 .ARM.attributes
                0x00000000       0x1e c:/program files/microchip/xc32/v4.10/bin/bin/../../lib/gcc/pic32c/8.3.1/thumb/v7e-m+fp/hard/crti.o
 .ARM.attributes
                0x0000001e       0x34 c:/program files/microchip/xc32/v4.10/bin/bin/../../lib/gcc/pic32c/8.3.1/thumb/v7e-m+fp/hard/crtbegin.o
 .ARM.attributes
                0x00000052       0x34 build/default/production/_ext/1645245335/crypto.o
 .ARM.attributes
                0x00000086       0x34 build/default/production/_ext/444070925/drv_extphy_lan8740.o
 .ARM.attributes
                0x000000ba       0x34 build/default/production/_ext/444070925/drv_ethphy.o
 .ARM.attributes
                0x000000ee       0x34 build/default/production/_ext/1546807373/drv_gmac.o
 .ARM.attributes
                0x00000122       0x34 build/default/production/_ext/1546807373/drv_gmac_lib_samE5x.o
 .ARM.attributes
                0x00000156       0x34 build/default/production/_ext/1319885263/tc6.o
 .ARM.attributes
                0x0000018a       0x34 build/default/production/_ext/181894553/drv_lan865x_api.o
 .ARM.attributes
                0x000001be       0x34 build/default/production/_ext/438849557/drv_miim_gmac.o
 .ARM.attributes
                0x000001f2       0x34 build/default/production/_ext/438849557/drv_miim.o
 .ARM.attributes
                0x00000226       0x34 build/default/production/_ext/2070931557/drv_spi.o
 .ARM.attributes
                0x0000025a       0x34 build/default/production/_ext/1033058136/helpers.o
 .ARM.attributes
                0x0000028e       0x34 build/default/production/_ext/1033058136/oahash.o
 .ARM.attributes
                0x000002c2       0x34 build/default/production/_ext/1033058136/tcpip_heap_alloc.o
 .ARM.attributes
                0x000002f6       0x34 build/default/production/_ext/1033058136/tcpip_manager.o
 .ARM.attributes
                0x0000032a       0x34 build/default/production/_ext/1033058136/dns.o
 .ARM.attributes
                0x0000035e       0x34 build/default/production/_ext/1033058136/tcpip_helpers.o
 .ARM.attributes
                0x00000392       0x34 build/default/production/_ext/1033058136/hash_fnv.o
 .ARM.attributes
                0x000003c6       0x34 build/default/production/_ext/1033058136/tcpip_commands.o
 .ARM.attributes
                0x000003fa       0x34 build/default/production/_ext/1033058136/tcpip_notify.o
 .ARM.attributes
                0x0000042e       0x34 build/default/production/_ext/1033058136/tcpip_heap_internal.o
 .ARM.attributes
                0x00000462       0x34 build/default/production/_ext/1033058136/tcpip_packet.o
 .ARM.attributes
                0x00000496       0x34 build/default/production/_ext/1033058136/tcpip_mac_bridge.o
 .ARM.attributes
                0x000004ca       0x34 build/default/production/_ext/1033058136/ipv4.o
 .ARM.attributes
                0x000004fe       0x34 build/default/production/_ext/1033058136/telnet.o
 .ARM.attributes
                0x00000532       0x34 build/default/production/_ext/1033058136/udp.o
 .ARM.attributes
                0x00000566       0x34 build/default/production/_ext/1033058136/arp.o
 .ARM.attributes
                0x0000059a       0x34 build/default/production/_ext/1033058136/tcp.o
 .ARM.attributes
                0x000005ce       0x34 build/default/production/_ext/1033058136/iperf.o
 .ARM.attributes
                0x00000602       0x34 build/default/production/_ext/1033058136/icmp.o
 .ARM.attributes
                0x00000636       0x34 build/default/production/_ext/1508031553/net_pres.o
 .ARM.attributes
                0x0000066a       0x34 build/default/production/_ext/1984496892/plib_clock.o
 .ARM.attributes
                0x0000069e       0x34 build/default/production/_ext/1865161661/plib_dmac.o
 .ARM.attributes
                0x000006d2       0x34 build/default/production/_ext/1986646378/plib_evsys.o
 .ARM.attributes
                0x00000706       0x34 build/default/production/_ext/1865468468/plib_nvic.o
 .ARM.attributes
                0x0000073a       0x34 build/default/production/_ext/1593096446/plib_nvmctrl.o
 .ARM.attributes
                0x0000076e       0x34 build/default/production/_ext/1865521619/plib_port.o
 .ARM.attributes
                0x000007a2       0x34 build/default/production/_ext/17022449/plib_sercom0_spi_master.o
 .ARM.attributes
                0x000007d6       0x34 build/default/production/_ext/504274921/plib_sercom1_usart.o
 .ARM.attributes
                0x0000080a       0x34 build/default/production/_ext/829342655/plib_tc0.o
 .ARM.attributes
                0x0000083e       0x34 build/default/production/_ext/1376093119/sys_command.o
 .ARM.attributes
                0x00000872       0x34 build/default/production/_ext/1832805299/sys_console_uart.o
 .ARM.attributes
                0x000008a6       0x34 build/default/production/_ext/1832805299/sys_console.o
 .ARM.attributes
                0x000008da       0x34 build/default/production/_ext/944882569/sys_debug.o
 .ARM.attributes
                0x0000090e       0x34 build/default/production/_ext/14461671/sys_dma.o
 .ARM.attributes
                0x00000942       0x34 build/default/production/_ext/1881668453/sys_int.o
 .ARM.attributes
                0x00000976       0x34 build/default/production/_ext/1000052432/sys_reset.o
 .ARM.attributes
                0x000009aa       0x34 build/default/production/_ext/101884895/sys_time.o
 .ARM.attributes
                0x000009de       0x34 build/default/production/_ext/753841488/sys_time_h2_adapter.o
 .ARM.attributes
                0x00000a12       0x34 build/default/production/_ext/753841488/sys_random_h2_adapter.o
 .ARM.attributes
                0x00000a46       0x34 build/default/production/_ext/1171490990/startup_xc32.o
 .ARM.attributes
                0x00000a7a       0x34 build/default/production/_ext/1171490990/interrupts.o
 .ARM.attributes
                0x00000aae       0x34 build/default/production/_ext/1171490990/initialization.o
 .ARM.attributes
                0x00000ae2       0x34 build/default/production/_ext/1171490990/tasks.o
 .ARM.attributes
                0x00000b16       0x34 build/default/production/_ext/1171490990/exceptions.o
 .ARM.attributes
                0x00000b4a       0x34 build/default/production/_ext/172253694/crypt_wolfcryptcb.o
 .ARM.attributes
                0x00000b7e       0x34 build/default/production/_ext/1664057780/cryptocb.o
 .ARM.attributes
                0x00000bb2       0x34 build/default/production/_ext/1664057780/sha256.o
 .ARM.attributes
                0x00000be6       0x34 build/default/production/_ext/1664057780/random.o
 .ARM.attributes
                0x00000c1a       0x34 build/default/production/_ext/1664057780/md5.o
 .ARM.attributes
                0x00000c4e       0x34 build/default/production/_ext/1360937237/app.o
 .ARM.attributes
                0x00000c82       0x34 build/default/production/_ext/1360937237/main.o
 .ARM.attributes
                0x00000cb6       0x34 c:/program files/microchip/xc32/v4.10/bin/bin/../../lib/gcc/pic32c/8.3.1/../../../../pic32c/lib/thumb/v7e-m+fp/hard\libpic32c.a(data_init.o)
 .ARM.attributes
                0x00000cea       0x20 c:/program files/microchip/xc32/v4.10/bin/bin/../../lib/gcc/pic32c/8.3.1/../../../../pic32c/lib/thumb/v7e-m+fp/hard\libm-emfloat.a(floatasmops_arm.o)
 .ARM.attributes
                0x00000d0a       0x36 c:/program files/microchip/xc32/v4.10/bin/bin/../../lib/gcc/pic32c/8.3.1/../../../../pic32c/lib/thumb/v7e-m+fp/hard\libc-musl.a(isxdigit.o)
 .ARM.attributes
                0x00000d40       0x36 c:/program files/microchip/xc32/v4.10/bin/bin/../../lib/gcc/pic32c/8.3.1/../../../../pic32c/lib/thumb/v7e-m+fp/hard\libc-musl.a(tolower.o)
 .ARM.attributes
                0x00000d76       0x36 c:/program files/microchip/xc32/v4.10/bin/bin/../../lib/gcc/pic32c/8.3.1/../../../../pic32c/lib/thumb/v7e-m+fp/hard\libc-musl.a(toupper.o)
 .ARM.attributes
                0x00000dac       0x36 c:/program files/microchip/xc32/v4.10/bin/bin/../../lib/gcc/pic32c/8.3.1/../../../../pic32c/lib/thumb/v7e-m+fp/hard\libc-musl.a(__libc_start_main.o)
 .ARM.attributes
                0x00000de2       0x34 c:/program files/microchip/xc32/v4.10/bin/bin/../../lib/gcc/pic32c/8.3.1/../../../../pic32c/lib/thumb/v7e-m+fp/hard\libc-musl.a(libc.o)
 .ARM.attributes
                0x00000e16       0x36 c:/program files/microchip/xc32/v4.10/bin/bin/../../lib/gcc/pic32c/8.3.1/../../../../pic32c/lib/thumb/v7e-m+fp/hard\libc-musl.a(malloc.o)
 .ARM.attributes
                0x00000e4c       0x36 c:/program files/microchip/xc32/v4.10/bin/bin/../../lib/gcc/pic32c/8.3.1/../../../../pic32c/lib/thumb/v7e-m+fp/hard\libc-musl.a(expand_heap.o)
 .ARM.attributes
                0x00000e82       0x36 c:/program files/microchip/xc32/v4.10/bin/bin/../../lib/gcc/pic32c/8.3.1/../../../../pic32c/lib/thumb/v7e-m+fp/hard\libc-musl.a(rand.o)
 .ARM.attributes
                0x00000eb8       0x36 c:/program files/microchip/xc32/v4.10/bin/bin/../../lib/gcc/pic32c/8.3.1/../../../../pic32c/lib/thumb/v7e-m+fp/hard\libc-musl.a(vsnprintf.o)
 .ARM.attributes
                0x00000eee       0x36 c:/program files/microchip/xc32/v4.10/bin/bin/../../lib/gcc/pic32c/8.3.1/../../../../pic32c/lib/thumb/v7e-m+fp/hard\libc-musl.a(snprintf.o)
 .ARM.attributes
                0x00000f24       0x36 c:/program files/microchip/xc32/v4.10/bin/bin/../../lib/gcc/pic32c/8.3.1/../../../../pic32c/lib/thumb/v7e-m+fp/hard\libc-musl.a(sprintf.o)
 .ARM.attributes
                0x00000f5a       0x36 c:/program files/microchip/xc32/v4.10/bin/bin/../../lib/gcc/pic32c/8.3.1/../../../../pic32c/lib/thumb/v7e-m+fp/hard\libc-musl.a(vsprintf.o)
 .ARM.attributes
                0x00000f90       0x36 c:/program files/microchip/xc32/v4.10/bin/bin/../../lib/gcc/pic32c/8.3.1/../../../../pic32c/lib/thumb/v7e-m+fp/hard\libc-musl.a(atoi.o)
 .ARM.attributes
                0x00000fc6       0x36 c:/program files/microchip/xc32/v4.10/bin/bin/../../lib/gcc/pic32c/8.3.1/../../../../pic32c/lib/thumb/v7e-m+fp/hard\libc-musl.a(strtol.o)
 .ARM.attributes
                0x00000ffc       0x36 c:/program files/microchip/xc32/v4.10/bin/bin/../../lib/gcc/pic32c/8.3.1/../../../../pic32c/lib/thumb/v7e-m+fp/hard\libc-musl.a(memcmp.o)
 .ARM.attributes
                0x00001032       0x36 c:/program files/microchip/xc32/v4.10/bin/bin/../../lib/gcc/pic32c/8.3.1/../../../../pic32c/lib/thumb/v7e-m+fp/hard\libc-musl.a(memcpy.o)
 .ARM.attributes
                0x00001068       0x36 c:/program files/microchip/xc32/v4.10/bin/bin/../../lib/gcc/pic32c/8.3.1/../../../../pic32c/lib/thumb/v7e-m+fp/hard\libc-musl.a(memset.o)
 .ARM.attributes
                0x0000109e       0x36 c:/program files/microchip/xc32/v4.10/bin/bin/../../lib/gcc/pic32c/8.3.1/../../../../pic32c/lib/thumb/v7e-m+fp/hard\libc-musl.a(strlen.o)
 .ARM.attributes
                0x000010d4       0x36 c:/program files/microchip/xc32/v4.10/bin/bin/../../lib/gcc/pic32c/8.3.1/../../../../pic32c/lib/thumb/v7e-m+fp/hard\libc-musl.a(strchr.o)
 .ARM.attributes
                0x0000110a       0x36 c:/program files/microchip/xc32/v4.10/bin/bin/../../lib/gcc/pic32c/8.3.1/../../../../pic32c/lib/thumb/v7e-m+fp/hard\libc-musl.a(strchrnul.o)
 .ARM.attributes
                0x00001140       0x36 c:/program files/microchip/xc32/v4.10/bin/bin/../../lib/gcc/pic32c/8.3.1/../../../../pic32c/lib/thumb/v7e-m+fp/hard\libc-musl.a(strcmp.o)
 .ARM.attributes
                0x00001176       0x36 c:/program files/microchip/xc32/v4.10/bin/bin/../../lib/gcc/pic32c/8.3.1/../../../../pic32c/lib/thumb/v7e-m+fp/hard\libc-musl.a(strcpy.o)
 .ARM.attributes
                0x000011ac       0x36 c:/program files/microchip/xc32/v4.10/bin/bin/../../lib/gcc/pic32c/8.3.1/../../../../pic32c/lib/thumb/v7e-m+fp/hard\libc-musl.a(strncmp.o)
 .ARM.attributes
                0x000011e2       0x36 c:/program files/microchip/xc32/v4.10/bin/bin/../../lib/gcc/pic32c/8.3.1/../../../../pic32c/lib/thumb/v7e-m+fp/hard\libc-musl.a(strncpy.o)
 .ARM.attributes
                0x00001218       0x36 c:/program files/microchip/xc32/v4.10/bin/bin/../../lib/gcc/pic32c/8.3.1/../../../../pic32c/lib/thumb/v7e-m+fp/hard\libc-musl.a(strrchr.o)
 .ARM.attributes
                0x0000124e       0x36 c:/program files/microchip/xc32/v4.10/bin/bin/../../lib/gcc/pic32c/8.3.1/../../../../pic32c/lib/thumb/v7e-m+fp/hard\libc-musl.a(strtok.o)
 .ARM.attributes
                0x00001284       0x34 c:/program files/microchip/xc32/v4.10/bin/bin/../../lib/gcc/pic32c/8.3.1/../../../../pic32c/lib/thumb/v7e-m+fp/hard\libc-musl.a(__environ.o)
 .ARM.attributes
                0x000012b8       0x34 c:/program files/microchip/xc32/v4.10/bin/bin/../../lib/gcc/pic32c/8.3.1/../../../../pic32c/lib/thumb/v7e-m+fp/hard\libc-musl.a(__errno_location.o)
 .ARM.attributes
                0x000012ec       0x36 c:/program files/microchip/xc32/v4.10/bin/bin/../../lib/gcc/pic32c/8.3.1/../../../../pic32c/lib/thumb/v7e-m+fp/hard\libc-musl.a(intscan.o)
 .ARM.attributes
                0x00001322       0x36 c:/program files/microchip/xc32/v4.10/bin/bin/../../lib/gcc/pic32c/8.3.1/../../../../pic32c/lib/thumb/v7e-m+fp/hard\libc-musl.a(shgetc.o)
 .ARM.attributes
                0x00001358       0x36 c:/program files/microchip/xc32/v4.10/bin/bin/../../lib/gcc/pic32c/8.3.1/../../../../pic32c/lib/thumb/v7e-m+fp/hard\libc-musl.a(__uflow.o)
 .ARM.attributes
                0x0000138e       0x36 c:/program files/microchip/xc32/v4.10/bin/bin/../../lib/gcc/pic32c/8.3.1/../../../../pic32c/lib/thumb/v7e-m+fp/hard\libc-musl.a(vfprintf.o)
 .ARM.attributes
                0x000013c4       0x36 c:/program files/microchip/xc32/v4.10/bin/bin/../../lib/gcc/pic32c/8.3.1/../../../../pic32c/lib/thumb/v7e-m+fp/hard\libc-musl.a(memrchr.o)
 .ARM.attributes
                0x000013fa       0x36 c:/program files/microchip/xc32/v4.10/bin/bin/../../lib/gcc/pic32c/8.3.1/../../../../pic32c/lib/thumb/v7e-m+fp/hard\libc-musl.a(stpcpy.o)
 .ARM.attributes
                0x00001430       0x36 c:/program files/microchip/xc32/v4.10/bin/bin/../../lib/gcc/pic32c/8.3.1/../../../../pic32c/lib/thumb/v7e-m+fp/hard\libc-musl.a(stpncpy.o)
 .ARM.attributes
                0x00001466       0x36 c:/program files/microchip/xc32/v4.10/bin/bin/../../lib/gcc/pic32c/8.3.1/../../../../pic32c/lib/thumb/v7e-m+fp/hard\libc-musl.a(strcspn.o)
 .ARM.attributes
                0x0000149c       0x36 c:/program files/microchip/xc32/v4.10/bin/bin/../../lib/gcc/pic32c/8.3.1/../../../../pic32c/lib/thumb/v7e-m+fp/hard\libc-musl.a(strspn.o)
 .ARM.attributes
                0x000014d2       0x36 c:/program files/microchip/xc32/v4.10/bin/bin/../../lib/gcc/pic32c/8.3.1/../../../../pic32c/lib/thumb/v7e-m+fp/hard\libc-musl.a(__toread.o)
 .ARM.attributes
                0x00001508       0x36 c:/program files/microchip/xc32/v4.10/bin/bin/../../lib/gcc/pic32c/8.3.1/../../../../pic32c/lib/thumb/v7e-m+fp/hard\libc-musl.a(__printf_core.o)
 .ARM.attributes
                0x0000153e       0x36 c:/program files/microchip/xc32/v4.10/bin/bin/../../lib/gcc/pic32c/8.3.1/../../../../pic32c/lib/thumb/v7e-m+fp/hard\libc-musl.a(__fmt_a.o)
 .ARM.attributes
                0x00001574       0x36 c:/program files/microchip/xc32/v4.10/bin/bin/../../lib/gcc/pic32c/8.3.1/../../../../pic32c/lib/thumb/v7e-m+fp/hard\libc-musl.a(__fmt_d.o)
 .ARM.attributes
                0x000015aa       0x36 c:/program files/microchip/xc32/v4.10/bin/bin/../../lib/gcc/pic32c/8.3.1/../../../../pic32c/lib/thumb/v7e-m+fp/hard\libc-musl.a(__fmt_fp.o)
 .ARM.attributes
                0x000015e0       0x36 c:/program files/microchip/xc32/v4.10/bin/bin/../../lib/gcc/pic32c/8.3.1/../../../../pic32c/lib/thumb/v7e-m+fp/hard\libc-musl.a(__fmt_o.o)
 .ARM.attributes
                0x00001616       0x36 c:/program files/microchip/xc32/v4.10/bin/bin/../../lib/gcc/pic32c/8.3.1/../../../../pic32c/lib/thumb/v7e-m+fp/hard\libc-musl.a(__fmt_s.o)
 .ARM.attributes
                0x0000164c       0x36 c:/program files/microchip/xc32/v4.10/bin/bin/../../lib/gcc/pic32c/8.3.1/../../../../pic32c/lib/thumb/v7e-m+fp/hard\libc-musl.a(__fmt_u.o)
 .ARM.attributes
                0x00001682       0x36 c:/program files/microchip/xc32/v4.10/bin/bin/../../lib/gcc/pic32c/8.3.1/../../../../pic32c/lib/thumb/v7e-m+fp/hard\libc-musl.a(__fmt_x.o)
 .ARM.attributes
                0x000016b8       0x36 c:/program files/microchip/xc32/v4.10/bin/bin/../../lib/gcc/pic32c/8.3.1/../../../../pic32c/lib/thumb/v7e-m+fp/hard\libc-musl.a(__pop_float.o)
 .ARM.attributes
                0x000016ee       0x36 c:/program files/microchip/xc32/v4.10/bin/bin/../../lib/gcc/pic32c/8.3.1/../../../../pic32c/lib/thumb/v7e-m+fp/hard\libc-musl.a(__pop_int.o)
 .ARM.attributes
                0x00001724       0x36 c:/program files/microchip/xc32/v4.10/bin/bin/../../lib/gcc/pic32c/8.3.1/../../../../pic32c/lib/thumb/v7e-m+fp/hard\libc-musl.a(__pop_ptr.o)
 .ARM.attributes
                0x0000175a       0x34 c:/program files/microchip/xc32/v4.10/bin/bin/../../lib/gcc/pic32c/8.3.1/../../../../pic32c/lib/thumb/v7e-m+fp/hard\libm-emfloat.a(lib_a-_FLOOR.o)
 .ARM.attributes
                0x0000178e       0x34 c:/program files/microchip/xc32/v4.10/bin/bin/../../lib/gcc/pic32c/8.3.1/../../../../pic32c/lib/thumb/v7e-m+fp/hard\libm-emfloat.a(lib_a-_FMA.o)
 .ARM.attributes
                0x000017c2       0x1e c:/program files/microchip/xc32/v4.10/bin/bin/../../lib/gcc/pic32c/8.3.1/thumb/v7e-m+fp/hard\libgcc.a(_aeabi_uldivmod.o)
 .ARM.attributes
                0x000017e0       0x34 c:/program files/microchip/xc32/v4.10/bin/bin/../../lib/gcc/pic32c/8.3.1/thumb/v7e-m+fp/hard\libgcc.a(_udivmoddi4.o)
 .ARM.attributes
                0x00001814       0x1e c:/program files/microchip/xc32/v4.10/bin/bin/../../lib/gcc/pic32c/8.3.1/thumb/v7e-m+fp/hard\libgcc.a(_dvmd_tls.o)
 .ARM.attributes
                0x00001832       0x34 c:/program files/microchip/xc32/v4.10/bin/bin/../../lib/gcc/pic32c/8.3.1/../../../../pic32c/lib/thumb/v7e-m+fp/hard\libpic32c.a(sbrk.o)
 .ARM.attributes
                0x00001866       0x1e c:/program files/microchip/xc32/v4.10/bin/bin/../../lib/gcc/pic32c/8.3.1/thumb/v7e-m+fp/hard/crtn.o

.comment        0x00000000       0x2b
 .comment       0x00000000       0x2b c:/program files/microchip/xc32/v4.10/bin/bin/../../lib/gcc/pic32c/8.3.1/thumb/v7e-m+fp/hard/crtbegin.o
                                 0x2c (size before relaxing)
 .comment       0x0000002b       0x2c build/default/production/_ext/1645245335/crypto.o
 .comment       0x0000002b       0x2c build/default/production/_ext/444070925/drv_extphy_lan8740.o
 .comment       0x0000002b       0x2c build/default/production/_ext/444070925/drv_ethphy.o
 .comment       0x0000002b       0x2c build/default/production/_ext/1546807373/drv_gmac.o
 .comment       0x0000002b       0x2c build/default/production/_ext/1546807373/drv_gmac_lib_samE5x.o
 .comment       0x0000002b       0x2c build/default/production/_ext/1319885263/tc6.o
 .comment       0x0000002b       0x2c build/default/production/_ext/181894553/drv_lan865x_api.o
 .comment       0x0000002b       0x2c build/default/production/_ext/438849557/drv_miim_gmac.o
 .comment       0x0000002b       0x2c build/default/production/_ext/438849557/drv_miim.o
 .comment       0x0000002b       0x2c build/default/production/_ext/2070931557/drv_spi.o
 .comment       0x0000002b       0x2c build/default/production/_ext/1033058136/helpers.o
 .comment       0x0000002b       0x2c build/default/production/_ext/1033058136/oahash.o
 .comment       0x0000002b       0x2c build/default/production/_ext/1033058136/tcpip_heap_alloc.o
 .comment       0x0000002b       0x2c build/default/production/_ext/1033058136/tcpip_manager.o
 .comment       0x0000002b       0x2c build/default/production/_ext/1033058136/dns.o
 .comment       0x0000002b       0x2c build/default/production/_ext/1033058136/tcpip_helpers.o
 .comment       0x0000002b       0x2c build/default/production/_ext/1033058136/hash_fnv.o
 .comment       0x0000002b       0x2c build/default/production/_ext/1033058136/tcpip_commands.o
 .comment       0x0000002b       0x2c build/default/production/_ext/1033058136/tcpip_notify.o
 .comment       0x0000002b       0x2c build/default/production/_ext/1033058136/tcpip_heap_internal.o
 .comment       0x0000002b       0x2c build/default/production/_ext/1033058136/tcpip_packet.o
 .comment       0x0000002b       0x2c build/default/production/_ext/1033058136/tcpip_mac_bridge.o
 .comment       0x0000002b       0x2c build/default/production/_ext/1033058136/ipv4.o
 .comment       0x0000002b       0x2c build/default/production/_ext/1033058136/telnet.o
 .comment       0x0000002b       0x2c build/default/production/_ext/1033058136/udp.o
 .comment       0x0000002b       0x2c build/default/production/_ext/1033058136/arp.o
 .comment       0x0000002b       0x2c build/default/production/_ext/1033058136/tcp.o
 .comment       0x0000002b       0x2c build/default/production/_ext/1033058136/iperf.o
 .comment       0x0000002b       0x2c build/default/production/_ext/1033058136/icmp.o
 .comment       0x0000002b       0x2c build/default/production/_ext/1508031553/net_pres.o
 .comment       0x0000002b       0x2c build/default/production/_ext/1984496892/plib_clock.o
 .comment       0x0000002b       0x2c build/default/production/_ext/1865161661/plib_dmac.o
 .comment       0x0000002b       0x2c build/default/production/_ext/1986646378/plib_evsys.o
 .comment       0x0000002b       0x2c build/default/production/_ext/1865468468/plib_nvic.o
 .comment       0x0000002b       0x2c build/default/production/_ext/1593096446/plib_nvmctrl.o
 .comment       0x0000002b       0x2c build/default/production/_ext/1865521619/plib_port.o
 .comment       0x0000002b       0x2c build/default/production/_ext/17022449/plib_sercom0_spi_master.o
 .comment       0x0000002b       0x2c build/default/production/_ext/504274921/plib_sercom1_usart.o
 .comment       0x0000002b       0x2c build/default/production/_ext/829342655/plib_tc0.o
 .comment       0x0000002b       0x2c build/default/production/_ext/1376093119/sys_command.o
 .comment       0x0000002b       0x2c build/default/production/_ext/1832805299/sys_console_uart.o
 .comment       0x0000002b       0x2c build/default/production/_ext/1832805299/sys_console.o
 .comment       0x0000002b       0x2c build/default/production/_ext/944882569/sys_debug.o
 .comment       0x0000002b       0x2c build/default/production/_ext/14461671/sys_dma.o
 .comment       0x0000002b       0x2c build/default/production/_ext/1881668453/sys_int.o
 .comment       0x0000002b       0x2c build/default/production/_ext/1000052432/sys_reset.o
 .comment       0x0000002b       0x2c build/default/production/_ext/101884895/sys_time.o
 .comment       0x0000002b       0x2c build/default/production/_ext/753841488/sys_time_h2_adapter.o
 .comment       0x0000002b       0x2c build/default/production/_ext/753841488/sys_random_h2_adapter.o
 .comment       0x0000002b       0x2c build/default/production/_ext/1171490990/startup_xc32.o
 .comment       0x0000002b       0x2c build/default/production/_ext/1171490990/interrupts.o
 .comment       0x0000002b       0x2c build/default/production/_ext/1171490990/initialization.o
 .comment       0x0000002b       0x2c build/default/production/_ext/1171490990/tasks.o
 .comment       0x0000002b       0x2c build/default/production/_ext/1171490990/exceptions.o
 .comment       0x0000002b       0x2c build/default/production/_ext/172253694/crypt_wolfcryptcb.o
 .comment       0x0000002b       0x2c build/default/production/_ext/1664057780/cryptocb.o
 .comment       0x0000002b       0x2c build/default/production/_ext/1664057780/sha256.o
 .comment       0x0000002b       0x2c build/default/production/_ext/1664057780/random.o
 .comment       0x0000002b       0x2c build/default/production/_ext/1664057780/md5.o
 .comment       0x0000002b       0x2c build/default/production/_ext/1360937237/app.o
 .comment       0x0000002b       0x2c build/default/production/_ext/1360937237/main.o
 .comment       0x0000002b       0x2c c:/program files/microchip/xc32/v4.10/bin/bin/../../lib/gcc/pic32c/8.3.1/../../../../pic32c/lib/thumb/v7e-m+fp/hard\libpic32c.a(data_init.o)
 .comment       0x0000002b       0x2c c:/program files/microchip/xc32/v4.10/bin/bin/../../lib/gcc/pic32c/8.3.1/../../../../pic32c/lib/thumb/v7e-m+fp/hard\libc-musl.a(isxdigit.o)
 .comment       0x0000002b       0x2c c:/program files/microchip/xc32/v4.10/bin/bin/../../lib/gcc/pic32c/8.3.1/../../../../pic32c/lib/thumb/v7e-m+fp/hard\libc-musl.a(tolower.o)
 .comment       0x0000002b       0x2c c:/program files/microchip/xc32/v4.10/bin/bin/../../lib/gcc/pic32c/8.3.1/../../../../pic32c/lib/thumb/v7e-m+fp/hard\libc-musl.a(toupper.o)
 .comment       0x0000002b       0x2c c:/program files/microchip/xc32/v4.10/bin/bin/../../lib/gcc/pic32c/8.3.1/../../../../pic32c/lib/thumb/v7e-m+fp/hard\libc-musl.a(__libc_start_main.o)
 .comment       0x0000002b       0x2c c:/program files/microchip/xc32/v4.10/bin/bin/../../lib/gcc/pic32c/8.3.1/../../../../pic32c/lib/thumb/v7e-m+fp/hard\libc-musl.a(libc.o)
 .comment       0x0000002b       0x2c c:/program files/microchip/xc32/v4.10/bin/bin/../../lib/gcc/pic32c/8.3.1/../../../../pic32c/lib/thumb/v7e-m+fp/hard\libc-musl.a(malloc.o)
 .comment       0x0000002b       0x2c c:/program files/microchip/xc32/v4.10/bin/bin/../../lib/gcc/pic32c/8.3.1/../../../../pic32c/lib/thumb/v7e-m+fp/hard\libc-musl.a(expand_heap.o)
 .comment       0x0000002b       0x2c c:/program files/microchip/xc32/v4.10/bin/bin/../../lib/gcc/pic32c/8.3.1/../../../../pic32c/lib/thumb/v7e-m+fp/hard\libc-musl.a(rand.o)
 .comment       0x0000002b       0x2c c:/program files/microchip/xc32/v4.10/bin/bin/../../lib/gcc/pic32c/8.3.1/../../../../pic32c/lib/thumb/v7e-m+fp/hard\libc-musl.a(vsnprintf.o)
 .comment       0x0000002b       0x2c c:/program files/microchip/xc32/v4.10/bin/bin/../../lib/gcc/pic32c/8.3.1/../../../../pic32c/lib/thumb/v7e-m+fp/hard\libc-musl.a(snprintf.o)
 .comment       0x0000002b       0x2c c:/program files/microchip/xc32/v4.10/bin/bin/../../lib/gcc/pic32c/8.3.1/../../../../pic32c/lib/thumb/v7e-m+fp/hard\libc-musl.a(sprintf.o)
 .comment       0x0000002b       0x2c c:/program files/microchip/xc32/v4.10/bin/bin/../../lib/gcc/pic32c/8.3.1/../../../../pic32c/lib/thumb/v7e-m+fp/hard\libc-musl.a(vsprintf.o)
 .comment       0x0000002b       0x2c c:/program files/microchip/xc32/v4.10/bin/bin/../../lib/gcc/pic32c/8.3.1/../../../../pic32c/lib/thumb/v7e-m+fp/hard\libc-musl.a(atoi.o)
 .comment       0x0000002b       0x2c c:/program files/microchip/xc32/v4.10/bin/bin/../../lib/gcc/pic32c/8.3.1/../../../../pic32c/lib/thumb/v7e-m+fp/hard\libc-musl.a(strtol.o)
 .comment       0x0000002b       0x2c c:/program files/microchip/xc32/v4.10/bin/bin/../../lib/gcc/pic32c/8.3.1/../../../../pic32c/lib/thumb/v7e-m+fp/hard\libc-musl.a(memcmp.o)
 .comment       0x0000002b       0x2c c:/program files/microchip/xc32/v4.10/bin/bin/../../lib/gcc/pic32c/8.3.1/../../../../pic32c/lib/thumb/v7e-m+fp/hard\libc-musl.a(memcpy.o)
 .comment       0x0000002b       0x2c c:/program files/microchip/xc32/v4.10/bin/bin/../../lib/gcc/pic32c/8.3.1/../../../../pic32c/lib/thumb/v7e-m+fp/hard\libc-musl.a(memset.o)
 .comment       0x0000002b       0x2c c:/program files/microchip/xc32/v4.10/bin/bin/../../lib/gcc/pic32c/8.3.1/../../../../pic32c/lib/thumb/v7e-m+fp/hard\libc-musl.a(strlen.o)
 .comment       0x0000002b       0x2c c:/program files/microchip/xc32/v4.10/bin/bin/../../lib/gcc/pic32c/8.3.1/../../../../pic32c/lib/thumb/v7e-m+fp/hard\libc-musl.a(strchr.o)
 .comment       0x0000002b       0x2c c:/program files/microchip/xc32/v4.10/bin/bin/../../lib/gcc/pic32c/8.3.1/../../../../pic32c/lib/thumb/v7e-m+fp/hard\libc-musl.a(strchrnul.o)
 .comment       0x0000002b       0x2c c:/program files/microchip/xc32/v4.10/bin/bin/../../lib/gcc/pic32c/8.3.1/../../../../pic32c/lib/thumb/v7e-m+fp/hard\libc-musl.a(strcmp.o)
 .comment       0x0000002b       0x2c c:/program files/microchip/xc32/v4.10/bin/bin/../../lib/gcc/pic32c/8.3.1/../../../../pic32c/lib/thumb/v7e-m+fp/hard\libc-musl.a(strcpy.o)
 .comment       0x0000002b       0x2c c:/program files/microchip/xc32/v4.10/bin/bin/../../lib/gcc/pic32c/8.3.1/../../../../pic32c/lib/thumb/v7e-m+fp/hard\libc-musl.a(strncmp.o)
 .comment       0x0000002b       0x2c c:/program files/microchip/xc32/v4.10/bin/bin/../../lib/gcc/pic32c/8.3.1/../../../../pic32c/lib/thumb/v7e-m+fp/hard\libc-musl.a(strncpy.o)
 .comment       0x0000002b       0x2c c:/program files/microchip/xc32/v4.10/bin/bin/../../lib/gcc/pic32c/8.3.1/../../../../pic32c/lib/thumb/v7e-m+fp/hard\libc-musl.a(strrchr.o)
 .comment       0x0000002b       0x2c c:/program files/microchip/xc32/v4.10/bin/bin/../../lib/gcc/pic32c/8.3.1/../../../../pic32c/lib/thumb/v7e-m+fp/hard\libc-musl.a(strtok.o)
 .comment       0x0000002b       0x2c c:/program files/microchip/xc32/v4.10/bin/bin/../../lib/gcc/pic32c/8.3.1/../../../../pic32c/lib/thumb/v7e-m+fp/hard\libc-musl.a(__environ.o)
 .comment       0x0000002b       0x2c c:/program files/microchip/xc32/v4.10/bin/bin/../../lib/gcc/pic32c/8.3.1/../../../../pic32c/lib/thumb/v7e-m+fp/hard\libc-musl.a(__errno_location.o)
 .comment       0x0000002b       0x2c c:/program files/microchip/xc32/v4.10/bin/bin/../../lib/gcc/pic32c/8.3.1/../../../../pic32c/lib/thumb/v7e-m+fp/hard\libc-musl.a(intscan.o)
 .comment       0x0000002b       0x2c c:/program files/microchip/xc32/v4.10/bin/bin/../../lib/gcc/pic32c/8.3.1/../../../../pic32c/lib/thumb/v7e-m+fp/hard\libc-musl.a(shgetc.o)
 .comment       0x0000002b       0x2c c:/program files/microchip/xc32/v4.10/bin/bin/../../lib/gcc/pic32c/8.3.1/../../../../pic32c/lib/thumb/v7e-m+fp/hard\libc-musl.a(__uflow.o)
 .comment       0x0000002b       0x2c c:/program files/microchip/xc32/v4.10/bin/bin/../../lib/gcc/pic32c/8.3.1/../../../../pic32c/lib/thumb/v7e-m+fp/hard\libc-musl.a(vfprintf.o)
 .comment       0x0000002b       0x2c c:/program files/microchip/xc32/v4.10/bin/bin/../../lib/gcc/pic32c/8.3.1/../../../../pic32c/lib/thumb/v7e-m+fp/hard\libc-musl.a(memrchr.o)
 .comment       0x0000002b       0x2c c:/program files/microchip/xc32/v4.10/bin/bin/../../lib/gcc/pic32c/8.3.1/../../../../pic32c/lib/thumb/v7e-m+fp/hard\libc-musl.a(stpcpy.o)
 .comment       0x0000002b       0x2c c:/program files/microchip/xc32/v4.10/bin/bin/../../lib/gcc/pic32c/8.3.1/../../../../pic32c/lib/thumb/v7e-m+fp/hard\libc-musl.a(stpncpy.o)
 .comment       0x0000002b       0x2c c:/program files/microchip/xc32/v4.10/bin/bin/../../lib/gcc/pic32c/8.3.1/../../../../pic32c/lib/thumb/v7e-m+fp/hard\libc-musl.a(strcspn.o)
 .comment       0x0000002b       0x2c c:/program files/microchip/xc32/v4.10/bin/bin/../../lib/gcc/pic32c/8.3.1/../../../../pic32c/lib/thumb/v7e-m+fp/hard\libc-musl.a(strspn.o)
 .comment       0x0000002b       0x2c c:/program files/microchip/xc32/v4.10/bin/bin/../../lib/gcc/pic32c/8.3.1/../../../../pic32c/lib/thumb/v7e-m+fp/hard\libc-musl.a(__toread.o)
 .comment       0x0000002b       0x2c c:/program files/microchip/xc32/v4.10/bin/bin/../../lib/gcc/pic32c/8.3.1/../../../../pic32c/lib/thumb/v7e-m+fp/hard\libc-musl.a(__printf_core.o)
 .comment       0x0000002b       0x2c c:/program files/microchip/xc32/v4.10/bin/bin/../../lib/gcc/pic32c/8.3.1/../../../../pic32c/lib/thumb/v7e-m+fp/hard\libc-musl.a(__fmt_a.o)
 .comment       0x0000002b       0x2c c:/program files/microchip/xc32/v4.10/bin/bin/../../lib/gcc/pic32c/8.3.1/../../../../pic32c/lib/thumb/v7e-m+fp/hard\libc-musl.a(__fmt_d.o)
 .comment       0x0000002b       0x2c c:/program files/microchip/xc32/v4.10/bin/bin/../../lib/gcc/pic32c/8.3.1/../../../../pic32c/lib/thumb/v7e-m+fp/hard\libc-musl.a(__fmt_fp.o)
 .comment       0x0000002b       0x2c c:/program files/microchip/xc32/v4.10/bin/bin/../../lib/gcc/pic32c/8.3.1/../../../../pic32c/lib/thumb/v7e-m+fp/hard\libc-musl.a(__fmt_o.o)
 .comment       0x0000002b       0x2c c:/program files/microchip/xc32/v4.10/bin/bin/../../lib/gcc/pic32c/8.3.1/../../../../pic32c/lib/thumb/v7e-m+fp/hard\libc-musl.a(__fmt_s.o)
 .comment       0x0000002b       0x2c c:/program files/microchip/xc32/v4.10/bin/bin/../../lib/gcc/pic32c/8.3.1/../../../../pic32c/lib/thumb/v7e-m+fp/hard\libc-musl.a(__fmt_u.o)
 .comment       0x0000002b       0x2c c:/program files/microchip/xc32/v4.10/bin/bin/../../lib/gcc/pic32c/8.3.1/../../../../pic32c/lib/thumb/v7e-m+fp/hard\libc-musl.a(__fmt_x.o)
 .comment       0x0000002b       0x2c c:/program files/microchip/xc32/v4.10/bin/bin/../../lib/gcc/pic32c/8.3.1/../../../../pic32c/lib/thumb/v7e-m+fp/hard\libc-musl.a(__pop_float.o)
 .comment       0x0000002b       0x2c c:/program files/microchip/xc32/v4.10/bin/bin/../../lib/gcc/pic32c/8.3.1/../../../../pic32c/lib/thumb/v7e-m+fp/hard\libc-musl.a(__pop_int.o)
 .comment       0x0000002b       0x2c c:/program files/microchip/xc32/v4.10/bin/bin/../../lib/gcc/pic32c/8.3.1/../../../../pic32c/lib/thumb/v7e-m+fp/hard\libc-musl.a(__pop_ptr.o)
 .comment       0x0000002b       0x2c c:/program files/microchip/xc32/v4.10/bin/bin/../../lib/gcc/pic32c/8.3.1/../../../../pic32c/lib/thumb/v7e-m+fp/hard\libm-emfloat.a(lib_a-_FLOOR.o)
 .comment       0x0000002b       0x2c c:/program files/microchip/xc32/v4.10/bin/bin/../../lib/gcc/pic32c/8.3.1/../../../../pic32c/lib/thumb/v7e-m+fp/hard\libm-emfloat.a(lib_a-_FMA.o)
 .comment       0x0000002b       0x2c c:/program files/microchip/xc32/v4.10/bin/bin/../../lib/gcc/pic32c/8.3.1/thumb/v7e-m+fp/hard\libgcc.a(_udivmoddi4.o)
 .comment       0x0000002b       0x2c c:/program files/microchip/xc32/v4.10/bin/bin/../../lib/gcc/pic32c/8.3.1/../../../../pic32c/lib/thumb/v7e-m+fp/hard\libpic32c.a(sbrk.o)

.debug_info     0x00000000    0xf0925
 .debug_info    0x00000000     0x4129 build/default/production/_ext/1645245335/crypto.o
 .debug_info    0x00004129     0x1d90 build/default/production/_ext/444070925/drv_extphy_lan8740.o
 .debug_info    0x00005eb9     0x8f2d build/default/production/_ext/444070925/drv_ethphy.o
 .debug_info    0x0000ede6     0x9636 build/default/production/_ext/1546807373/drv_gmac.o
 .debug_info    0x0001841c     0xb1ea build/default/production/_ext/1546807373/drv_gmac_lib_samE5x.o
 .debug_info    0x00023606     0x5583 build/default/production/_ext/1319885263/tc6.o
 .debug_info    0x00028b89     0x9421 build/default/production/_ext/181894553/drv_lan865x_api.o
 .debug_info    0x00031faa     0x17e0 build/default/production/_ext/438849557/drv_miim_gmac.o
 .debug_info    0x0003378a     0x4b5c build/default/production/_ext/438849557/drv_miim.o
 .debug_info    0x000382e6     0x53b7 build/default/production/_ext/2070931557/drv_spi.o
 .debug_info    0x0003d69d      0x6d8 build/default/production/_ext/1033058136/helpers.o
 .debug_info    0x0003dd75      0xc60 build/default/production/_ext/1033058136/oahash.o
 .debug_info    0x0003e9d5      0xd74 build/default/production/_ext/1033058136/tcpip_heap_alloc.o
 .debug_info    0x0003f749     0xd5de build/default/production/_ext/1033058136/tcpip_manager.o
 .debug_info    0x0004cd27      0xca0 build/default/production/_ext/1033058136/dns.o
 .debug_info    0x0004d9c7     0x663e build/default/production/_ext/1033058136/tcpip_helpers.o
 .debug_info    0x00054005      0x435 build/default/production/_ext/1033058136/hash_fnv.o
 .debug_info    0x0005443a     0xa279 build/default/production/_ext/1033058136/tcpip_commands.o
 .debug_info    0x0005e6b3      0xde1 build/default/production/_ext/1033058136/tcpip_notify.o
 .debug_info    0x0005f494     0x246d build/default/production/_ext/1033058136/tcpip_heap_internal.o
 .debug_info    0x00061901     0x3ac2 build/default/production/_ext/1033058136/tcpip_packet.o
 .debug_info    0x000653c3     0x7671 build/default/production/_ext/1033058136/tcpip_mac_bridge.o
 .debug_info    0x0006ca34     0x8079 build/default/production/_ext/1033058136/ipv4.o
 .debug_info    0x00074aad     0x5745 build/default/production/_ext/1033058136/telnet.o
 .debug_info    0x0007a1f2     0x9e62 build/default/production/_ext/1033058136/udp.o
 .debug_info    0x00084054     0x73a5 build/default/production/_ext/1033058136/arp.o
 .debug_info    0x0008b3f9     0xc437 build/default/production/_ext/1033058136/tcp.o
 .debug_info    0x00097830     0x8070 build/default/production/_ext/1033058136/iperf.o
 .debug_info    0x0009f8a0     0x4a49 build/default/production/_ext/1033058136/icmp.o
 .debug_info    0x000a42e9     0x383b build/default/production/_ext/1508031553/net_pres.o
 .debug_info    0x000a7b24      0xb63 build/default/production/_ext/1984496892/plib_clock.o
 .debug_info    0x000a8687     0x12bc build/default/production/_ext/1865161661/plib_dmac.o
 .debug_info    0x000a9943      0x31f build/default/production/_ext/1986646378/plib_evsys.o
 .debug_info    0x000a9c62     0x17d9 build/default/production/_ext/1865468468/plib_nvic.o
 .debug_info    0x000ab43b      0xe5e build/default/production/_ext/1593096446/plib_nvmctrl.o
 .debug_info    0x000ac299     0x10ca build/default/production/_ext/1865521619/plib_port.o
 .debug_info    0x000ad363     0x153d build/default/production/_ext/17022449/plib_sercom0_spi_master.o
 .debug_info    0x000ae8a0     0x21d7 build/default/production/_ext/504274921/plib_sercom1_usart.o
 .debug_info    0x000b0a77      0xca0 build/default/production/_ext/829342655/plib_tc0.o
 .debug_info    0x000b1717     0x2bfe build/default/production/_ext/1376093119/sys_command.o
 .debug_info    0x000b4315     0x167d build/default/production/_ext/1832805299/sys_console_uart.o
 .debug_info    0x000b5992     0x14b0 build/default/production/_ext/1832805299/sys_console.o
 .debug_info    0x000b6e42      0x74b build/default/production/_ext/944882569/sys_debug.o
 .debug_info    0x000b758d      0x97e build/default/production/_ext/14461671/sys_dma.o
 .debug_info    0x000b7f0b     0x11b1 build/default/production/_ext/1881668453/sys_int.o
 .debug_info    0x000b90bc      0x5ad build/default/production/_ext/1000052432/sys_reset.o
 .debug_info    0x000b9669     0x2f4b build/default/production/_ext/101884895/sys_time.o
 .debug_info    0x000bc5b4      0x65c build/default/production/_ext/753841488/sys_time_h2_adapter.o
 .debug_info    0x000bcc10      0xf02 build/default/production/_ext/753841488/sys_random_h2_adapter.o
 .debug_info    0x000bdb12      0x89a build/default/production/_ext/1171490990/startup_xc32.o
 .debug_info    0x000be3ac     0x179d build/default/production/_ext/1171490990/interrupts.o
 .debug_info    0x000bfb49     0xad6b build/default/production/_ext/1171490990/initialization.o
 .debug_info    0x000ca8b4      0xf81 build/default/production/_ext/1171490990/tasks.o
 .debug_info    0x000cb835      0x3e1 build/default/production/_ext/1171490990/exceptions.o
 .debug_info    0x000cbc16     0x25be build/default/production/_ext/172253694/crypt_wolfcryptcb.o
 .debug_info    0x000ce1d4     0x4f80 build/default/production/_ext/1664057780/cryptocb.o
 .debug_info    0x000d3154     0x3dc9 build/default/production/_ext/1664057780/sha256.o
 .debug_info    0x000d6f1d     0x3d1d build/default/production/_ext/1664057780/random.o
 .debug_info    0x000dac3a     0x25b8 build/default/production/_ext/1664057780/md5.o
 .debug_info    0x000dd1f2     0x3790 build/default/production/_ext/1360937237/app.o
 .debug_info    0x000e0982      0x338 build/default/production/_ext/1360937237/main.o
 .debug_info    0x000e0cba      0x2ae c:/program files/microchip/xc32/v4.10/bin/bin/../../lib/gcc/pic32c/8.3.1/../../../../pic32c/lib/thumb/v7e-m+fp/hard\libpic32c.a(data_init.o)
 .debug_info    0x000e0f68      0x35a c:/program files/microchip/xc32/v4.10/bin/bin/../../lib/gcc/pic32c/8.3.1/../../../../pic32c/lib/thumb/v7e-m+fp/hard\libc-musl.a(isxdigit.o)
 .debug_info    0x000e12c2      0x357 c:/program files/microchip/xc32/v4.10/bin/bin/../../lib/gcc/pic32c/8.3.1/../../../../pic32c/lib/thumb/v7e-m+fp/hard\libc-musl.a(tolower.o)
 .debug_info    0x000e1619      0x357 c:/program files/microchip/xc32/v4.10/bin/bin/../../lib/gcc/pic32c/8.3.1/../../../../pic32c/lib/thumb/v7e-m+fp/hard\libc-musl.a(toupper.o)
 .debug_info    0x000e1970      0x627 c:/program files/microchip/xc32/v4.10/bin/bin/../../lib/gcc/pic32c/8.3.1/../../../../pic32c/lib/thumb/v7e-m+fp/hard\libc-musl.a(__libc_start_main.o)
 .debug_info    0x000e1f97      0x539 c:/program files/microchip/xc32/v4.10/bin/bin/../../lib/gcc/pic32c/8.3.1/../../../../pic32c/lib/thumb/v7e-m+fp/hard\libc-musl.a(libc.o)
 .debug_info    0x000e24d0     0x13a9 c:/program files/microchip/xc32/v4.10/bin/bin/../../lib/gcc/pic32c/8.3.1/../../../../pic32c/lib/thumb/v7e-m+fp/hard\libc-musl.a(malloc.o)
 .debug_info    0x000e3879      0x380 c:/program files/microchip/xc32/v4.10/bin/bin/../../lib/gcc/pic32c/8.3.1/../../../../pic32c/lib/thumb/v7e-m+fp/hard\libc-musl.a(expand_heap.o)
 .debug_info    0x000e3bf9      0x330 c:/program files/microchip/xc32/v4.10/bin/bin/../../lib/gcc/pic32c/8.3.1/../../../../pic32c/lib/thumb/v7e-m+fp/hard\libc-musl.a(rand.o)
 .debug_info    0x000e3f29      0x706 c:/program files/microchip/xc32/v4.10/bin/bin/../../lib/gcc/pic32c/8.3.1/../../../../pic32c/lib/thumb/v7e-m+fp/hard\libc-musl.a(vsnprintf.o)
 .debug_info    0x000e462f      0x350 c:/program files/microchip/xc32/v4.10/bin/bin/../../lib/gcc/pic32c/8.3.1/../../../../pic32c/lib/thumb/v7e-m+fp/hard\libc-musl.a(snprintf.o)
 .debug_info    0x000e497f      0x326 c:/program files/microchip/xc32/v4.10/bin/bin/../../lib/gcc/pic32c/8.3.1/../../../../pic32c/lib/thumb/v7e-m+fp/hard\libc-musl.a(sprintf.o)
 .debug_info    0x000e4ca5      0x320 c:/program files/microchip/xc32/v4.10/bin/bin/../../lib/gcc/pic32c/8.3.1/../../../../pic32c/lib/thumb/v7e-m+fp/hard\libc-musl.a(vsprintf.o)
 .debug_info    0x000e4fc5      0x2ff c:/program files/microchip/xc32/v4.10/bin/bin/../../lib/gcc/pic32c/8.3.1/../../../../pic32c/lib/thumb/v7e-m+fp/hard\libc-musl.a(atoi.o)
 .debug_info    0x000e52c4      0x9f3 c:/program files/microchip/xc32/v4.10/bin/bin/../../lib/gcc/pic32c/8.3.1/../../../../pic32c/lib/thumb/v7e-m+fp/hard\libc-musl.a(strtol.o)
 .debug_info    0x000e5cb7      0x2e6 c:/program files/microchip/xc32/v4.10/bin/bin/../../lib/gcc/pic32c/8.3.1/../../../../pic32c/lib/thumb/v7e-m+fp/hard\libc-musl.a(memcmp.o)
 .debug_info    0x000e5f9d      0x2fb c:/program files/microchip/xc32/v4.10/bin/bin/../../lib/gcc/pic32c/8.3.1/../../../../pic32c/lib/thumb/v7e-m+fp/hard\libc-musl.a(memcpy.o)
 .debug_info    0x000e6298      0x2b9 c:/program files/microchip/xc32/v4.10/bin/bin/../../lib/gcc/pic32c/8.3.1/../../../../pic32c/lib/thumb/v7e-m+fp/hard\libc-musl.a(memset.o)
 .debug_info    0x000e6551      0x2aa c:/program files/microchip/xc32/v4.10/bin/bin/../../lib/gcc/pic32c/8.3.1/../../../../pic32c/lib/thumb/v7e-m+fp/hard\libc-musl.a(strlen.o)
 .debug_info    0x000e67fb      0x2cc c:/program files/microchip/xc32/v4.10/bin/bin/../../lib/gcc/pic32c/8.3.1/../../../../pic32c/lib/thumb/v7e-m+fp/hard\libc-musl.a(strchr.o)
 .debug_info    0x000e6ac7      0x3ef c:/program files/microchip/xc32/v4.10/bin/bin/../../lib/gcc/pic32c/8.3.1/../../../../pic32c/lib/thumb/v7e-m+fp/hard\libc-musl.a(strchrnul.o)
 .debug_info    0x000e6eb6      0x28e c:/program files/microchip/xc32/v4.10/bin/bin/../../lib/gcc/pic32c/8.3.1/../../../../pic32c/lib/thumb/v7e-m+fp/hard\libc-musl.a(strcmp.o)
 .debug_info    0x000e7144      0x2b8 c:/program files/microchip/xc32/v4.10/bin/bin/../../lib/gcc/pic32c/8.3.1/../../../../pic32c/lib/thumb/v7e-m+fp/hard\libc-musl.a(strcpy.o)
 .debug_info    0x000e73fc      0x2f4 c:/program files/microchip/xc32/v4.10/bin/bin/../../lib/gcc/pic32c/8.3.1/../../../../pic32c/lib/thumb/v7e-m+fp/hard\libc-musl.a(strncmp.o)
 .debug_info    0x000e76f0      0x2dd c:/program files/microchip/xc32/v4.10/bin/bin/../../lib/gcc/pic32c/8.3.1/../../../../pic32c/lib/thumb/v7e-m+fp/hard\libc-musl.a(strncpy.o)
 .debug_info    0x000e79cd      0x2e6 c:/program files/microchip/xc32/v4.10/bin/bin/../../lib/gcc/pic32c/8.3.1/../../../../pic32c/lib/thumb/v7e-m+fp/hard\libc-musl.a(strrchr.o)
 .debug_info    0x000e7cb3      0x2fa c:/program files/microchip/xc32/v4.10/bin/bin/../../lib/gcc/pic32c/8.3.1/../../../../pic32c/lib/thumb/v7e-m+fp/hard\libc-musl.a(strtok.o)
 .debug_info    0x000e7fad      0x2b3 c:/program files/microchip/xc32/v4.10/bin/bin/../../lib/gcc/pic32c/8.3.1/../../../../pic32c/lib/thumb/v7e-m+fp/hard\libc-musl.a(__environ.o)
 .debug_info    0x000e8260      0x277 c:/program files/microchip/xc32/v4.10/bin/bin/../../lib/gcc/pic32c/8.3.1/../../../../pic32c/lib/thumb/v7e-m+fp/hard\libc-musl.a(__errno_location.o)
 .debug_info    0x000e84d7      0x849 c:/program files/microchip/xc32/v4.10/bin/bin/../../lib/gcc/pic32c/8.3.1/../../../../pic32c/lib/thumb/v7e-m+fp/hard\libc-musl.a(intscan.o)
 .debug_info    0x000e8d20      0x64e c:/program files/microchip/xc32/v4.10/bin/bin/../../lib/gcc/pic32c/8.3.1/../../../../pic32c/lib/thumb/v7e-m+fp/hard\libc-musl.a(shgetc.o)
 .debug_info    0x000e936e      0x61a c:/program files/microchip/xc32/v4.10/bin/bin/../../lib/gcc/pic32c/8.3.1/../../../../pic32c/lib/thumb/v7e-m+fp/hard\libc-musl.a(__uflow.o)
 .debug_info    0x000e9988      0x6c7 c:/program files/microchip/xc32/v4.10/bin/bin/../../lib/gcc/pic32c/8.3.1/../../../../pic32c/lib/thumb/v7e-m+fp/hard\libc-musl.a(vfprintf.o)
 .debug_info    0x000ea04f      0x2fd c:/program files/microchip/xc32/v4.10/bin/bin/../../lib/gcc/pic32c/8.3.1/../../../../pic32c/lib/thumb/v7e-m+fp/hard\libc-musl.a(memrchr.o)
 .debug_info    0x000ea34c      0x2bc c:/program files/microchip/xc32/v4.10/bin/bin/../../lib/gcc/pic32c/8.3.1/../../../../pic32c/lib/thumb/v7e-m+fp/hard\libc-musl.a(stpcpy.o)
 .debug_info    0x000ea608      0x2f8 c:/program files/microchip/xc32/v4.10/bin/bin/../../lib/gcc/pic32c/8.3.1/../../../../pic32c/lib/thumb/v7e-m+fp/hard\libc-musl.a(stpncpy.o)
 .debug_info    0x000ea900      0x31f c:/program files/microchip/xc32/v4.10/bin/bin/../../lib/gcc/pic32c/8.3.1/../../../../pic32c/lib/thumb/v7e-m+fp/hard\libc-musl.a(strcspn.o)
 .debug_info    0x000eac1f      0x304 c:/program files/microchip/xc32/v4.10/bin/bin/../../lib/gcc/pic32c/8.3.1/../../../../pic32c/lib/thumb/v7e-m+fp/hard\libc-musl.a(strspn.o)
 .debug_info    0x000eaf23      0x634 c:/program files/microchip/xc32/v4.10/bin/bin/../../lib/gcc/pic32c/8.3.1/../../../../pic32c/lib/thumb/v7e-m+fp/hard\libc-musl.a(__toread.o)
 .debug_info    0x000eb557      0xd37 c:/program files/microchip/xc32/v4.10/bin/bin/../../lib/gcc/pic32c/8.3.1/../../../../pic32c/lib/thumb/v7e-m+fp/hard\libc-musl.a(__printf_core.o)
 .debug_info    0x000ec28e      0x8fc c:/program files/microchip/xc32/v4.10/bin/bin/../../lib/gcc/pic32c/8.3.1/../../../../pic32c/lib/thumb/v7e-m+fp/hard\libc-musl.a(__fmt_a.o)
 .debug_info    0x000ecb8a      0x5c6 c:/program files/microchip/xc32/v4.10/bin/bin/../../lib/gcc/pic32c/8.3.1/../../../../pic32c/lib/thumb/v7e-m+fp/hard\libc-musl.a(__fmt_d.o)
 .debug_info    0x000ed150      0x9e1 c:/program files/microchip/xc32/v4.10/bin/bin/../../lib/gcc/pic32c/8.3.1/../../../../pic32c/lib/thumb/v7e-m+fp/hard\libc-musl.a(__fmt_fp.o)
 .debug_info    0x000edb31      0x597 c:/program files/microchip/xc32/v4.10/bin/bin/../../lib/gcc/pic32c/8.3.1/../../../../pic32c/lib/thumb/v7e-m+fp/hard\libc-musl.a(__fmt_o.o)
 .debug_info    0x000ee0c8      0x53b c:/program files/microchip/xc32/v4.10/bin/bin/../../lib/gcc/pic32c/8.3.1/../../../../pic32c/lib/thumb/v7e-m+fp/hard\libc-musl.a(__fmt_s.o)
 .debug_info    0x000ee603      0x664 c:/program files/microchip/xc32/v4.10/bin/bin/../../lib/gcc/pic32c/8.3.1/../../../../pic32c/lib/thumb/v7e-m+fp/hard\libc-musl.a(__fmt_u.o)
 .debug_info    0x000eec67      0x5fd c:/program files/microchip/xc32/v4.10/bin/bin/../../lib/gcc/pic32c/8.3.1/../../../../pic32c/lib/thumb/v7e-m+fp/hard\libc-musl.a(__fmt_x.o)
 .debug_info    0x000ef264      0x3e1 c:/program files/microchip/xc32/v4.10/bin/bin/../../lib/gcc/pic32c/8.3.1/../../../../pic32c/lib/thumb/v7e-m+fp/hard\libc-musl.a(__pop_float.o)
 .debug_info    0x000ef645      0x405 c:/program files/microchip/xc32/v4.10/bin/bin/../../lib/gcc/pic32c/8.3.1/../../../../pic32c/lib/thumb/v7e-m+fp/hard\libc-musl.a(__pop_int.o)
 .debug_info    0x000efa4a      0x40b c:/program files/microchip/xc32/v4.10/bin/bin/../../lib/gcc/pic32c/8.3.1/../../../../pic32c/lib/thumb/v7e-m+fp/hard\libc-musl.a(__pop_ptr.o)
 .debug_info    0x000efe55       0x26 c:/program files/microchip/xc32/v4.10/bin/bin/../../lib/gcc/pic32c/8.3.1/thumb/v7e-m+fp/hard\libgcc.a(_aeabi_uldivmod.o)
 .debug_info    0x000efe7b      0x7f3 c:/program files/microchip/xc32/v4.10/bin/bin/../../lib/gcc/pic32c/8.3.1/thumb/v7e-m+fp/hard\libgcc.a(_udivmoddi4.o)
 .debug_info    0x000f066e       0x26 c:/program files/microchip/xc32/v4.10/bin/bin/../../lib/gcc/pic32c/8.3.1/thumb/v7e-m+fp/hard\libgcc.a(_dvmd_tls.o)
 .debug_info    0x000f0694      0x291 c:/program files/microchip/xc32/v4.10/bin/bin/../../lib/gcc/pic32c/8.3.1/../../../../pic32c/lib/thumb/v7e-m+fp/hard\libpic32c.a(sbrk.o)

.debug_abbrev   0x00000000    0x10f6a
 .debug_abbrev  0x00000000      0x388 build/default/production/_ext/1645245335/crypto.o
 .debug_abbrev  0x00000388      0x263 build/default/production/_ext/444070925/drv_extphy_lan8740.o
 .debug_abbrev  0x000005eb      0x5b3 build/default/production/_ext/444070925/drv_ethphy.o
 .debug_abbrev  0x00000b9e      0x656 build/default/production/_ext/1546807373/drv_gmac.o
 .debug_abbrev  0x000011f4      0x64b build/default/production/_ext/1546807373/drv_gmac_lib_samE5x.o
 .debug_abbrev  0x0000183f      0x566 build/default/production/_ext/1319885263/tc6.o
 .debug_abbrev  0x00001da5      0x727 build/default/production/_ext/181894553/drv_lan865x_api.o
 .debug_abbrev  0x000024cc      0x221 build/default/production/_ext/438849557/drv_miim_gmac.o
 .debug_abbrev  0x000026ed      0x672 build/default/production/_ext/438849557/drv_miim.o
 .debug_abbrev  0x00002d5f      0x545 build/default/production/_ext/2070931557/drv_spi.o
 .debug_abbrev  0x000032a4      0x1c1 build/default/production/_ext/1033058136/helpers.o
 .debug_abbrev  0x00003465      0x2f9 build/default/production/_ext/1033058136/oahash.o
 .debug_abbrev  0x0000375e      0x192 build/default/production/_ext/1033058136/tcpip_heap_alloc.o
 .debug_abbrev  0x000038f0      0x7da build/default/production/_ext/1033058136/tcpip_manager.o
 .debug_abbrev  0x000040ca      0x169 build/default/production/_ext/1033058136/dns.o
 .debug_abbrev  0x00004233      0x597 build/default/production/_ext/1033058136/tcpip_helpers.o
 .debug_abbrev  0x000047ca       0xc7 build/default/production/_ext/1033058136/hash_fnv.o
 .debug_abbrev  0x00004891      0x56a build/default/production/_ext/1033058136/tcpip_commands.o
 .debug_abbrev  0x00004dfb      0x22f build/default/production/_ext/1033058136/tcpip_notify.o
 .debug_abbrev  0x0000502a      0x421 build/default/production/_ext/1033058136/tcpip_heap_internal.o
 .debug_abbrev  0x0000544b      0x511 build/default/production/_ext/1033058136/tcpip_packet.o
 .debug_abbrev  0x0000595c      0x5f3 build/default/production/_ext/1033058136/tcpip_mac_bridge.o
 .debug_abbrev  0x00005f4f      0x5fc build/default/production/_ext/1033058136/ipv4.o
 .debug_abbrev  0x0000654b      0x61e build/default/production/_ext/1033058136/telnet.o
 .debug_abbrev  0x00006b69      0x6b6 build/default/production/_ext/1033058136/udp.o
 .debug_abbrev  0x0000721f      0x602 build/default/production/_ext/1033058136/arp.o
 .debug_abbrev  0x00007821      0x708 build/default/production/_ext/1033058136/tcp.o
 .debug_abbrev  0x00007f29      0x58e build/default/production/_ext/1033058136/iperf.o
 .debug_abbrev  0x000084b7      0x55d build/default/production/_ext/1033058136/icmp.o
 .debug_abbrev  0x00008a14      0x4b1 build/default/production/_ext/1508031553/net_pres.o
 .debug_abbrev  0x00008ec5      0x122 build/default/production/_ext/1984496892/plib_clock.o
 .debug_abbrev  0x00008fe7      0x3c2 build/default/production/_ext/1865161661/plib_dmac.o
 .debug_abbrev  0x000093a9       0x3b build/default/production/_ext/1986646378/plib_evsys.o
 .debug_abbrev  0x000093e4      0x20f build/default/production/_ext/1865468468/plib_nvic.o
 .debug_abbrev  0x000095f3      0x245 build/default/production/_ext/1593096446/plib_nvmctrl.o
 .debug_abbrev  0x00009838      0x1d6 build/default/production/_ext/1865521619/plib_port.o
 .debug_abbrev  0x00009a0e      0x2b2 build/default/production/_ext/17022449/plib_sercom0_spi_master.o
 .debug_abbrev  0x00009cc0      0x476 build/default/production/_ext/504274921/plib_sercom1_usart.o
 .debug_abbrev  0x0000a136      0x1e9 build/default/production/_ext/829342655/plib_tc0.o
 .debug_abbrev  0x0000a31f      0x50c build/default/production/_ext/1376093119/sys_command.o
 .debug_abbrev  0x0000a82b      0x38a build/default/production/_ext/1832805299/sys_console_uart.o
 .debug_abbrev  0x0000abb5      0x40a build/default/production/_ext/1832805299/sys_console.o
 .debug_abbrev  0x0000afbf      0x18b build/default/production/_ext/944882569/sys_debug.o
 .debug_abbrev  0x0000b14a       0xf2 build/default/production/_ext/14461671/sys_dma.o
 .debug_abbrev  0x0000b23c      0x240 build/default/production/_ext/1881668453/sys_int.o
 .debug_abbrev  0x0000b47c       0xef build/default/production/_ext/1000052432/sys_reset.o
 .debug_abbrev  0x0000b56b      0x56e build/default/production/_ext/101884895/sys_time.o
 .debug_abbrev  0x0000bad9      0x164 build/default/production/_ext/753841488/sys_time_h2_adapter.o
 .debug_abbrev  0x0000bc3d      0x2dc build/default/production/_ext/753841488/sys_random_h2_adapter.o
 .debug_abbrev  0x0000bf19      0x1db build/default/production/_ext/1171490990/startup_xc32.o
 .debug_abbrev  0x0000c0f4       0xda build/default/production/_ext/1171490990/interrupts.o
 .debug_abbrev  0x0000c1ce      0x3af build/default/production/_ext/1171490990/initialization.o
 .debug_abbrev  0x0000c57d      0x1ba build/default/production/_ext/1171490990/tasks.o
 .debug_abbrev  0x0000c737       0x3e build/default/production/_ext/1171490990/exceptions.o
 .debug_abbrev  0x0000c775      0x25e build/default/production/_ext/172253694/crypt_wolfcryptcb.o
 .debug_abbrev  0x0000c9d3      0x43e build/default/production/_ext/1664057780/cryptocb.o
 .debug_abbrev  0x0000ce11      0x402 build/default/production/_ext/1664057780/sha256.o
 .debug_abbrev  0x0000d213      0x410 build/default/production/_ext/1664057780/random.o
 .debug_abbrev  0x0000d623      0x2d4 build/default/production/_ext/1664057780/md5.o
 .debug_abbrev  0x0000d8f7      0x3e9 build/default/production/_ext/1360937237/app.o
 .debug_abbrev  0x0000dce0       0x77 build/default/production/_ext/1360937237/main.o
 .debug_abbrev  0x0000dd57       0x2e c:/program files/microchip/xc32/v4.10/bin/bin/../../lib/gcc/pic32c/8.3.1/../../../../pic32c/lib/thumb/v7e-m+fp/hard\libpic32c.a(data_init.o)
 .debug_abbrev  0x0000dd85       0xfd c:/program files/microchip/xc32/v4.10/bin/bin/../../lib/gcc/pic32c/8.3.1/../../../../pic32c/lib/thumb/v7e-m+fp/hard\libc-musl.a(isxdigit.o)
 .debug_abbrev  0x0000de82       0xfd c:/program files/microchip/xc32/v4.10/bin/bin/../../lib/gcc/pic32c/8.3.1/../../../../pic32c/lib/thumb/v7e-m+fp/hard\libc-musl.a(tolower.o)
 .debug_abbrev  0x0000df7f       0xfd c:/program files/microchip/xc32/v4.10/bin/bin/../../lib/gcc/pic32c/8.3.1/../../../../pic32c/lib/thumb/v7e-m+fp/hard\libc-musl.a(toupper.o)
 .debug_abbrev  0x0000e07c      0x117 c:/program files/microchip/xc32/v4.10/bin/bin/../../lib/gcc/pic32c/8.3.1/../../../../pic32c/lib/thumb/v7e-m+fp/hard\libc-musl.a(__libc_start_main.o)
 .debug_abbrev  0x0000e193       0xb8 c:/program files/microchip/xc32/v4.10/bin/bin/../../lib/gcc/pic32c/8.3.1/../../../../pic32c/lib/thumb/v7e-m+fp/hard\libc-musl.a(libc.o)
 .debug_abbrev  0x0000e24b      0x413 c:/program files/microchip/xc32/v4.10/bin/bin/../../lib/gcc/pic32c/8.3.1/../../../../pic32c/lib/thumb/v7e-m+fp/hard\libc-musl.a(malloc.o)
 .debug_abbrev  0x0000e65e       0xa5 c:/program files/microchip/xc32/v4.10/bin/bin/../../lib/gcc/pic32c/8.3.1/../../../../pic32c/lib/thumb/v7e-m+fp/hard\libc-musl.a(expand_heap.o)
 .debug_abbrev  0x0000e703       0x8b c:/program files/microchip/xc32/v4.10/bin/bin/../../lib/gcc/pic32c/8.3.1/../../../../pic32c/lib/thumb/v7e-m+fp/hard\libc-musl.a(rand.o)
 .debug_abbrev  0x0000e78e      0x168 c:/program files/microchip/xc32/v4.10/bin/bin/../../lib/gcc/pic32c/8.3.1/../../../../pic32c/lib/thumb/v7e-m+fp/hard\libc-musl.a(vsnprintf.o)
 .debug_abbrev  0x0000e8f6       0xfb c:/program files/microchip/xc32/v4.10/bin/bin/../../lib/gcc/pic32c/8.3.1/../../../../pic32c/lib/thumb/v7e-m+fp/hard\libc-musl.a(snprintf.o)
 .debug_abbrev  0x0000e9f1       0xfb c:/program files/microchip/xc32/v4.10/bin/bin/../../lib/gcc/pic32c/8.3.1/../../../../pic32c/lib/thumb/v7e-m+fp/hard\libc-musl.a(sprintf.o)
 .debug_abbrev  0x0000eaec       0xc3 c:/program files/microchip/xc32/v4.10/bin/bin/../../lib/gcc/pic32c/8.3.1/../../../../pic32c/lib/thumb/v7e-m+fp/hard\libc-musl.a(vsprintf.o)
 .debug_abbrev  0x0000ebaf       0xbb c:/program files/microchip/xc32/v4.10/bin/bin/../../lib/gcc/pic32c/8.3.1/../../../../pic32c/lib/thumb/v7e-m+fp/hard\libc-musl.a(atoi.o)
 .debug_abbrev  0x0000ec6a      0x1c7 c:/program files/microchip/xc32/v4.10/bin/bin/../../lib/gcc/pic32c/8.3.1/../../../../pic32c/lib/thumb/v7e-m+fp/hard\libc-musl.a(strtol.o)
 .debug_abbrev  0x0000ee31       0x8b c:/program files/microchip/xc32/v4.10/bin/bin/../../lib/gcc/pic32c/8.3.1/../../../../pic32c/lib/thumb/v7e-m+fp/hard\libc-musl.a(memcmp.o)
 .debug_abbrev  0x0000eebc       0x9c c:/program files/microchip/xc32/v4.10/bin/bin/../../lib/gcc/pic32c/8.3.1/../../../../pic32c/lib/thumb/v7e-m+fp/hard\libc-musl.a(memcpy.o)
 .debug_abbrev  0x0000ef58       0x97 c:/program files/microchip/xc32/v4.10/bin/bin/../../lib/gcc/pic32c/8.3.1/../../../../pic32c/lib/thumb/v7e-m+fp/hard\libc-musl.a(memset.o)
 .debug_abbrev  0x0000efef       0x86 c:/program files/microchip/xc32/v4.10/bin/bin/../../lib/gcc/pic32c/8.3.1/../../../../pic32c/lib/thumb/v7e-m+fp/hard\libc-musl.a(strlen.o)
 .debug_abbrev  0x0000f075       0xa2 c:/program files/microchip/xc32/v4.10/bin/bin/../../lib/gcc/pic32c/8.3.1/../../../../pic32c/lib/thumb/v7e-m+fp/hard\libc-musl.a(strchr.o)
 .debug_abbrev  0x0000f117       0xeb c:/program files/microchip/xc32/v4.10/bin/bin/../../lib/gcc/pic32c/8.3.1/../../../../pic32c/lib/thumb/v7e-m+fp/hard\libc-musl.a(strchrnul.o)
 .debug_abbrev  0x0000f202       0x63 c:/program files/microchip/xc32/v4.10/bin/bin/../../lib/gcc/pic32c/8.3.1/../../../../pic32c/lib/thumb/v7e-m+fp/hard\libc-musl.a(strcmp.o)
 .debug_abbrev  0x0000f265       0x8e c:/program files/microchip/xc32/v4.10/bin/bin/../../lib/gcc/pic32c/8.3.1/../../../../pic32c/lib/thumb/v7e-m+fp/hard\libc-musl.a(strcpy.o)
 .debug_abbrev  0x0000f2f3       0x86 c:/program files/microchip/xc32/v4.10/bin/bin/../../lib/gcc/pic32c/8.3.1/../../../../pic32c/lib/thumb/v7e-m+fp/hard\libc-musl.a(strncmp.o)
 .debug_abbrev  0x0000f379       0x9d c:/program files/microchip/xc32/v4.10/bin/bin/../../lib/gcc/pic32c/8.3.1/../../../../pic32c/lib/thumb/v7e-m+fp/hard\libc-musl.a(strncpy.o)
 .debug_abbrev  0x0000f416       0xb2 c:/program files/microchip/xc32/v4.10/bin/bin/../../lib/gcc/pic32c/8.3.1/../../../../pic32c/lib/thumb/v7e-m+fp/hard\libc-musl.a(strrchr.o)
 .debug_abbrev  0x0000f4c8       0xac c:/program files/microchip/xc32/v4.10/bin/bin/../../lib/gcc/pic32c/8.3.1/../../../../pic32c/lib/thumb/v7e-m+fp/hard\libc-musl.a(strtok.o)
 .debug_abbrev  0x0000f574       0x57 c:/program files/microchip/xc32/v4.10/bin/bin/../../lib/gcc/pic32c/8.3.1/../../../../pic32c/lib/thumb/v7e-m+fp/hard\libc-musl.a(__environ.o)
 .debug_abbrev  0x0000f5cb       0x2e c:/program files/microchip/xc32/v4.10/bin/bin/../../lib/gcc/pic32c/8.3.1/../../../../pic32c/lib/thumb/v7e-m+fp/hard\libc-musl.a(__errno_location.o)
 .debug_abbrev  0x0000f5f9      0x1cb c:/program files/microchip/xc32/v4.10/bin/bin/../../lib/gcc/pic32c/8.3.1/../../../../pic32c/lib/thumb/v7e-m+fp/hard\libc-musl.a(intscan.o)
 .debug_abbrev  0x0000f7c4      0x14a c:/program files/microchip/xc32/v4.10/bin/bin/../../lib/gcc/pic32c/8.3.1/../../../../pic32c/lib/thumb/v7e-m+fp/hard\libc-musl.a(shgetc.o)
 .debug_abbrev  0x0000f90e      0x125 c:/program files/microchip/xc32/v4.10/bin/bin/../../lib/gcc/pic32c/8.3.1/../../../../pic32c/lib/thumb/v7e-m+fp/hard\libc-musl.a(__uflow.o)
 .debug_abbrev  0x0000fa33      0x16d c:/program files/microchip/xc32/v4.10/bin/bin/../../lib/gcc/pic32c/8.3.1/../../../../pic32c/lib/thumb/v7e-m+fp/hard\libc-musl.a(vfprintf.o)
 .debug_abbrev  0x0000fba0       0x92 c:/program files/microchip/xc32/v4.10/bin/bin/../../lib/gcc/pic32c/8.3.1/../../../../pic32c/lib/thumb/v7e-m+fp/hard\libc-musl.a(memrchr.o)
 .debug_abbrev  0x0000fc32       0x63 c:/program files/microchip/xc32/v4.10/bin/bin/../../lib/gcc/pic32c/8.3.1/../../../../pic32c/lib/thumb/v7e-m+fp/hard\libc-musl.a(stpcpy.o)
 .debug_abbrev  0x0000fc95       0x86 c:/program files/microchip/xc32/v4.10/bin/bin/../../lib/gcc/pic32c/8.3.1/../../../../pic32c/lib/thumb/v7e-m+fp/hard\libc-musl.a(stpncpy.o)
 .debug_abbrev  0x0000fd1b       0xf5 c:/program files/microchip/xc32/v4.10/bin/bin/../../lib/gcc/pic32c/8.3.1/../../../../pic32c/lib/thumb/v7e-m+fp/hard\libc-musl.a(strcspn.o)
 .debug_abbrev  0x0000fe10       0xd2 c:/program files/microchip/xc32/v4.10/bin/bin/../../lib/gcc/pic32c/8.3.1/../../../../pic32c/lib/thumb/v7e-m+fp/hard\libc-musl.a(strspn.o)
 .debug_abbrev  0x0000fee2      0x12f c:/program files/microchip/xc32/v4.10/bin/bin/../../lib/gcc/pic32c/8.3.1/../../../../pic32c/lib/thumb/v7e-m+fp/hard\libc-musl.a(__toread.o)
 .debug_abbrev  0x00010011      0x2c5 c:/program files/microchip/xc32/v4.10/bin/bin/../../lib/gcc/pic32c/8.3.1/../../../../pic32c/lib/thumb/v7e-m+fp/hard\libc-musl.a(__printf_core.o)
 .debug_abbrev  0x000102d6      0x194 c:/program files/microchip/xc32/v4.10/bin/bin/../../lib/gcc/pic32c/8.3.1/../../../../pic32c/lib/thumb/v7e-m+fp/hard\libc-musl.a(__fmt_a.o)
 .debug_abbrev  0x0001046a      0x120 c:/program files/microchip/xc32/v4.10/bin/bin/../../lib/gcc/pic32c/8.3.1/../../../../pic32c/lib/thumb/v7e-m+fp/hard\libc-musl.a(__fmt_d.o)
 .debug_abbrev  0x0001058a      0x1b3 c:/program files/microchip/xc32/v4.10/bin/bin/../../lib/gcc/pic32c/8.3.1/../../../../pic32c/lib/thumb/v7e-m+fp/hard\libc-musl.a(__fmt_fp.o)
 .debug_abbrev  0x0001073d      0x120 c:/program files/microchip/xc32/v4.10/bin/bin/../../lib/gcc/pic32c/8.3.1/../../../../pic32c/lib/thumb/v7e-m+fp/hard\libc-musl.a(__fmt_o.o)
 .debug_abbrev  0x0001085d      0x10b c:/program files/microchip/xc32/v4.10/bin/bin/../../lib/gcc/pic32c/8.3.1/../../../../pic32c/lib/thumb/v7e-m+fp/hard\libc-musl.a(__fmt_s.o)
 .debug_abbrev  0x00010968      0x163 c:/program files/microchip/xc32/v4.10/bin/bin/../../lib/gcc/pic32c/8.3.1/../../../../pic32c/lib/thumb/v7e-m+fp/hard\libc-musl.a(__fmt_u.o)
 .debug_abbrev  0x00010acb      0x10f c:/program files/microchip/xc32/v4.10/bin/bin/../../lib/gcc/pic32c/8.3.1/../../../../pic32c/lib/thumb/v7e-m+fp/hard\libc-musl.a(__fmt_x.o)
 .debug_abbrev  0x00010bda       0xbd c:/program files/microchip/xc32/v4.10/bin/bin/../../lib/gcc/pic32c/8.3.1/../../../../pic32c/lib/thumb/v7e-m+fp/hard\libc-musl.a(__pop_float.o)
 .debug_abbrev  0x00010c97       0xbd c:/program files/microchip/xc32/v4.10/bin/bin/../../lib/gcc/pic32c/8.3.1/../../../../pic32c/lib/thumb/v7e-m+fp/hard\libc-musl.a(__pop_int.o)
 .debug_abbrev  0x00010d54       0xce c:/program files/microchip/xc32/v4.10/bin/bin/../../lib/gcc/pic32c/8.3.1/../../../../pic32c/lib/thumb/v7e-m+fp/hard\libc-musl.a(__pop_ptr.o)
 .debug_abbrev  0x00010e22       0x14 c:/program files/microchip/xc32/v4.10/bin/bin/../../lib/gcc/pic32c/8.3.1/thumb/v7e-m+fp/hard\libgcc.a(_aeabi_uldivmod.o)
 .debug_abbrev  0x00010e36       0xf2 c:/program files/microchip/xc32/v4.10/bin/bin/../../lib/gcc/pic32c/8.3.1/thumb/v7e-m+fp/hard\libgcc.a(_udivmoddi4.o)
 .debug_abbrev  0x00010f28       0x14 c:/program files/microchip/xc32/v4.10/bin/bin/../../lib/gcc/pic32c/8.3.1/thumb/v7e-m+fp/hard\libgcc.a(_dvmd_tls.o)
 .debug_abbrev  0x00010f3c       0x2e c:/program files/microchip/xc32/v4.10/bin/bin/../../lib/gcc/pic32c/8.3.1/../../../../pic32c/lib/thumb/v7e-m+fp/hard\libpic32c.a(sbrk.o)

.debug_loc      0x00000000    0x6cc64
 .debug_loc     0x00000000     0x334c build/default/production/_ext/1645245335/crypto.o
 .debug_loc     0x0000334c      0x2e7 build/default/production/_ext/444070925/drv_extphy_lan8740.o
 .debug_loc     0x00003633     0x5d30 build/default/production/_ext/444070925/drv_ethphy.o
 .debug_loc     0x00009363     0x31e0 build/default/production/_ext/1546807373/drv_gmac.o
 .debug_loc     0x0000c543     0x3885 build/default/production/_ext/1546807373/drv_gmac_lib_samE5x.o
 .debug_loc     0x0000fdc8     0x4e7b build/default/production/_ext/1319885263/tc6.o
 .debug_loc     0x00014c43     0x4a2a build/default/production/_ext/181894553/drv_lan865x_api.o
 .debug_loc     0x0001966d      0x484 build/default/production/_ext/438849557/drv_miim_gmac.o
 .debug_loc     0x00019af1     0x35af build/default/production/_ext/438849557/drv_miim.o
 .debug_loc     0x0001d0a0     0x21d8 build/default/production/_ext/2070931557/drv_spi.o
 .debug_loc     0x0001f278      0x568 build/default/production/_ext/1033058136/helpers.o
 .debug_loc     0x0001f7e0      0x5f3 build/default/production/_ext/1033058136/oahash.o
 .debug_loc     0x0001fdd3      0x24c build/default/production/_ext/1033058136/tcpip_heap_alloc.o
 .debug_loc     0x0002001f     0x8300 build/default/production/_ext/1033058136/tcpip_manager.o
 .debug_loc     0x0002831f      0x14d build/default/production/_ext/1033058136/dns.o
 .debug_loc     0x0002846c     0x5916 build/default/production/_ext/1033058136/tcpip_helpers.o
 .debug_loc     0x0002dd82      0x21b build/default/production/_ext/1033058136/hash_fnv.o
 .debug_loc     0x0002df9d     0x350d build/default/production/_ext/1033058136/tcpip_commands.o
 .debug_loc     0x000314aa      0x458 build/default/production/_ext/1033058136/tcpip_notify.o
 .debug_loc     0x00031902     0x1625 build/default/production/_ext/1033058136/tcpip_heap_internal.o
 .debug_loc     0x00032f27      0xbf3 build/default/production/_ext/1033058136/tcpip_packet.o
 .debug_loc     0x00033b1a     0x2a4b build/default/production/_ext/1033058136/tcpip_mac_bridge.o
 .debug_loc     0x00036565     0x2f95 build/default/production/_ext/1033058136/ipv4.o
 .debug_loc     0x000394fa     0x120e build/default/production/_ext/1033058136/telnet.o
 .debug_loc     0x0003a708     0x556f build/default/production/_ext/1033058136/udp.o
 .debug_loc     0x0003fc77     0x3d09 build/default/production/_ext/1033058136/arp.o
 .debug_loc     0x00043980     0x8284 build/default/production/_ext/1033058136/tcp.o
 .debug_loc     0x0004bc04     0x237b build/default/production/_ext/1033058136/iperf.o
 .debug_loc     0x0004df7f      0xbc0 build/default/production/_ext/1033058136/icmp.o
 .debug_loc     0x0004eb3f     0x301a build/default/production/_ext/1508031553/net_pres.o
 .debug_loc     0x00051b59      0x95b build/default/production/_ext/1865161661/plib_dmac.o
 .debug_loc     0x000524b4      0x3cd build/default/production/_ext/1865468468/plib_nvic.o
 .debug_loc     0x00052881      0x83e build/default/production/_ext/1593096446/plib_nvmctrl.o
 .debug_loc     0x000530bf      0x1e8 build/default/production/_ext/1865521619/plib_port.o
 .debug_loc     0x000532a7      0x6ae build/default/production/_ext/17022449/plib_sercom0_spi_master.o
 .debug_loc     0x00053955      0xcd3 build/default/production/_ext/504274921/plib_sercom1_usart.o
 .debug_loc     0x00054628       0x74 build/default/production/_ext/829342655/plib_tc0.o
 .debug_loc     0x0005469c     0x20fc build/default/production/_ext/1376093119/sys_command.o
 .debug_loc     0x00056798      0x9f9 build/default/production/_ext/1832805299/sys_console_uart.o
 .debug_loc     0x00057191      0xd39 build/default/production/_ext/1832805299/sys_console.o
 .debug_loc     0x00057eca       0xe0 build/default/production/_ext/944882569/sys_debug.o
 .debug_loc     0x00057faa      0x180 build/default/production/_ext/14461671/sys_dma.o
 .debug_loc     0x0005812a      0x182 build/default/production/_ext/1881668453/sys_int.o
 .debug_loc     0x000582ac     0x238c build/default/production/_ext/101884895/sys_time.o
 .debug_loc     0x0005a638      0x152 build/default/production/_ext/753841488/sys_time_h2_adapter.o
 .debug_loc     0x0005a78a      0x64c build/default/production/_ext/753841488/sys_random_h2_adapter.o
 .debug_loc     0x0005add6       0x4a build/default/production/_ext/1171490990/startup_xc32.o
 .debug_loc     0x0005ae20       0x7d build/default/production/_ext/1171490990/initialization.o
 .debug_loc     0x0005ae9d       0x20 build/default/production/_ext/1171490990/tasks.o
 .debug_loc     0x0005aebd       0x45 build/default/production/_ext/172253694/crypt_wolfcryptcb.o
 .debug_loc     0x0005af02     0x30a8 build/default/production/_ext/1664057780/cryptocb.o
 .debug_loc     0x0005dfaa     0x28c9 build/default/production/_ext/1664057780/sha256.o
 .debug_loc     0x00060873     0x2994 build/default/production/_ext/1664057780/random.o
 .debug_loc     0x00063207     0x2df9 build/default/production/_ext/1664057780/md5.o
 .debug_loc     0x00066000      0x7c6 build/default/production/_ext/1360937237/app.o
 .debug_loc     0x000667c6       0x20 build/default/production/_ext/1360937237/main.o
 .debug_loc     0x000667e6       0x14 c:/program files/microchip/xc32/v4.10/bin/bin/../../lib/gcc/pic32c/8.3.1/../../../../pic32c/lib/thumb/v7e-m+fp/hard\libpic32c.a(data_init.o)
 .debug_loc     0x000667fa       0x65 c:/program files/microchip/xc32/v4.10/bin/bin/../../lib/gcc/pic32c/8.3.1/../../../../pic32c/lib/thumb/v7e-m+fp/hard\libc-musl.a(isxdigit.o)
 .debug_loc     0x0006685f       0x4a c:/program files/microchip/xc32/v4.10/bin/bin/../../lib/gcc/pic32c/8.3.1/../../../../pic32c/lib/thumb/v7e-m+fp/hard\libc-musl.a(tolower.o)
 .debug_loc     0x000668a9       0x4a c:/program files/microchip/xc32/v4.10/bin/bin/../../lib/gcc/pic32c/8.3.1/../../../../pic32c/lib/thumb/v7e-m+fp/hard\libc-musl.a(toupper.o)
 .debug_loc     0x000668f3       0x51 c:/program files/microchip/xc32/v4.10/bin/bin/../../lib/gcc/pic32c/8.3.1/../../../../pic32c/lib/thumb/v7e-m+fp/hard\libc-musl.a(__libc_start_main.o)
 .debug_loc     0x00066944      0xccc c:/program files/microchip/xc32/v4.10/bin/bin/../../lib/gcc/pic32c/8.3.1/../../../../pic32c/lib/thumb/v7e-m+fp/hard\libc-musl.a(malloc.o)
 .debug_loc     0x00067610       0x7c c:/program files/microchip/xc32/v4.10/bin/bin/../../lib/gcc/pic32c/8.3.1/../../../../pic32c/lib/thumb/v7e-m+fp/hard\libc-musl.a(expand_heap.o)
 .debug_loc     0x0006768c       0x24 c:/program files/microchip/xc32/v4.10/bin/bin/../../lib/gcc/pic32c/8.3.1/../../../../pic32c/lib/thumb/v7e-m+fp/hard\libc-musl.a(rand.o)
 .debug_loc     0x000676b0       0xeb c:/program files/microchip/xc32/v4.10/bin/bin/../../lib/gcc/pic32c/8.3.1/../../../../pic32c/lib/thumb/v7e-m+fp/hard\libc-musl.a(vsnprintf.o)
 .debug_loc     0x0006779b       0xaf c:/program files/microchip/xc32/v4.10/bin/bin/../../lib/gcc/pic32c/8.3.1/../../../../pic32c/lib/thumb/v7e-m+fp/hard\libc-musl.a(snprintf.o)
 .debug_loc     0x0006784a       0x8a c:/program files/microchip/xc32/v4.10/bin/bin/../../lib/gcc/pic32c/8.3.1/../../../../pic32c/lib/thumb/v7e-m+fp/hard\libc-musl.a(sprintf.o)
 .debug_loc     0x000678d4       0x6c c:/program files/microchip/xc32/v4.10/bin/bin/../../lib/gcc/pic32c/8.3.1/../../../../pic32c/lib/thumb/v7e-m+fp/hard\libc-musl.a(vsprintf.o)
 .debug_loc     0x00067940       0xd8 c:/program files/microchip/xc32/v4.10/bin/bin/../../lib/gcc/pic32c/8.3.1/../../../../pic32c/lib/thumb/v7e-m+fp/hard\libc-musl.a(atoi.o)
 .debug_loc     0x00067a18      0x440 c:/program files/microchip/xc32/v4.10/bin/bin/../../lib/gcc/pic32c/8.3.1/../../../../pic32c/lib/thumb/v7e-m+fp/hard\libc-musl.a(strtol.o)
 .debug_loc     0x00067e58      0x10c c:/program files/microchip/xc32/v4.10/bin/bin/../../lib/gcc/pic32c/8.3.1/../../../../pic32c/lib/thumb/v7e-m+fp/hard\libc-musl.a(memcmp.o)
 .debug_loc     0x00067f64       0xba c:/program files/microchip/xc32/v4.10/bin/bin/../../lib/gcc/pic32c/8.3.1/../../../../pic32c/lib/thumb/v7e-m+fp/hard\libc-musl.a(memcpy.o)
 .debug_loc     0x0006801e       0x56 c:/program files/microchip/xc32/v4.10/bin/bin/../../lib/gcc/pic32c/8.3.1/../../../../pic32c/lib/thumb/v7e-m+fp/hard\libc-musl.a(memset.o)
 .debug_loc     0x00068074       0x47 c:/program files/microchip/xc32/v4.10/bin/bin/../../lib/gcc/pic32c/8.3.1/../../../../pic32c/lib/thumb/v7e-m+fp/hard\libc-musl.a(strlen.o)
 .debug_loc     0x000680bb       0x8c c:/program files/microchip/xc32/v4.10/bin/bin/../../lib/gcc/pic32c/8.3.1/../../../../pic32c/lib/thumb/v7e-m+fp/hard\libc-musl.a(strchr.o)
 .debug_loc     0x00068147      0x14c c:/program files/microchip/xc32/v4.10/bin/bin/../../lib/gcc/pic32c/8.3.1/../../../../pic32c/lib/thumb/v7e-m+fp/hard\libc-musl.a(strchrnul.o)
 .debug_loc     0x00068293       0x76 c:/program files/microchip/xc32/v4.10/bin/bin/../../lib/gcc/pic32c/8.3.1/../../../../pic32c/lib/thumb/v7e-m+fp/hard\libc-musl.a(strcmp.o)
 .debug_loc     0x00068309       0x67 c:/program files/microchip/xc32/v4.10/bin/bin/../../lib/gcc/pic32c/8.3.1/../../../../pic32c/lib/thumb/v7e-m+fp/hard\libc-musl.a(strcpy.o)
 .debug_loc     0x00068370      0x1a6 c:/program files/microchip/xc32/v4.10/bin/bin/../../lib/gcc/pic32c/8.3.1/../../../../pic32c/lib/thumb/v7e-m+fp/hard\libc-musl.a(strncmp.o)
 .debug_loc     0x00068516       0x8c c:/program files/microchip/xc32/v4.10/bin/bin/../../lib/gcc/pic32c/8.3.1/../../../../pic32c/lib/thumb/v7e-m+fp/hard\libc-musl.a(strncpy.o)
 .debug_loc     0x000685a2       0xaa c:/program files/microchip/xc32/v4.10/bin/bin/../../lib/gcc/pic32c/8.3.1/../../../../pic32c/lib/thumb/v7e-m+fp/hard\libc-musl.a(strrchr.o)
 .debug_loc     0x0006864c       0x71 c:/program files/microchip/xc32/v4.10/bin/bin/../../lib/gcc/pic32c/8.3.1/../../../../pic32c/lib/thumb/v7e-m+fp/hard\libc-musl.a(strtok.o)
 .debug_loc     0x000686bd      0x5f2 c:/program files/microchip/xc32/v4.10/bin/bin/../../lib/gcc/pic32c/8.3.1/../../../../pic32c/lib/thumb/v7e-m+fp/hard\libc-musl.a(intscan.o)
 .debug_loc     0x00068caf       0x77 c:/program files/microchip/xc32/v4.10/bin/bin/../../lib/gcc/pic32c/8.3.1/../../../../pic32c/lib/thumb/v7e-m+fp/hard\libc-musl.a(shgetc.o)
 .debug_loc     0x00068d26       0x5a c:/program files/microchip/xc32/v4.10/bin/bin/../../lib/gcc/pic32c/8.3.1/../../../../pic32c/lib/thumb/v7e-m+fp/hard\libc-musl.a(__uflow.o)
 .debug_loc     0x00068d80       0x88 c:/program files/microchip/xc32/v4.10/bin/bin/../../lib/gcc/pic32c/8.3.1/../../../../pic32c/lib/thumb/v7e-m+fp/hard\libc-musl.a(vfprintf.o)
 .debug_loc     0x00068e08       0xc6 c:/program files/microchip/xc32/v4.10/bin/bin/../../lib/gcc/pic32c/8.3.1/../../../../pic32c/lib/thumb/v7e-m+fp/hard\libc-musl.a(memrchr.o)
 .debug_loc     0x00068ece       0x60 c:/program files/microchip/xc32/v4.10/bin/bin/../../lib/gcc/pic32c/8.3.1/../../../../pic32c/lib/thumb/v7e-m+fp/hard\libc-musl.a(stpcpy.o)
 .debug_loc     0x00068f2e      0x15b c:/program files/microchip/xc32/v4.10/bin/bin/../../lib/gcc/pic32c/8.3.1/../../../../pic32c/lib/thumb/v7e-m+fp/hard\libc-musl.a(stpncpy.o)
 .debug_loc     0x00069089      0x13d c:/program files/microchip/xc32/v4.10/bin/bin/../../lib/gcc/pic32c/8.3.1/../../../../pic32c/lib/thumb/v7e-m+fp/hard\libc-musl.a(strcspn.o)
 .debug_loc     0x000691c6      0x13f c:/program files/microchip/xc32/v4.10/bin/bin/../../lib/gcc/pic32c/8.3.1/../../../../pic32c/lib/thumb/v7e-m+fp/hard\libc-musl.a(strspn.o)
 .debug_loc     0x00069305       0x42 c:/program files/microchip/xc32/v4.10/bin/bin/../../lib/gcc/pic32c/8.3.1/../../../../pic32c/lib/thumb/v7e-m+fp/hard\libc-musl.a(__toread.o)
 .debug_loc     0x00069347      0x638 c:/program files/microchip/xc32/v4.10/bin/bin/../../lib/gcc/pic32c/8.3.1/../../../../pic32c/lib/thumb/v7e-m+fp/hard\libc-musl.a(__printf_core.o)
 .debug_loc     0x0006997f      0xac1 c:/program files/microchip/xc32/v4.10/bin/bin/../../lib/gcc/pic32c/8.3.1/../../../../pic32c/lib/thumb/v7e-m+fp/hard\libc-musl.a(__fmt_a.o)
 .debug_loc     0x0006a440      0x1ef c:/program files/microchip/xc32/v4.10/bin/bin/../../lib/gcc/pic32c/8.3.1/../../../../pic32c/lib/thumb/v7e-m+fp/hard\libc-musl.a(__fmt_d.o)
 .debug_loc     0x0006a62f      0xa7e c:/program files/microchip/xc32/v4.10/bin/bin/../../lib/gcc/pic32c/8.3.1/../../../../pic32c/lib/thumb/v7e-m+fp/hard\libc-musl.a(__fmt_fp.o)
 .debug_loc     0x0006b0ad      0x10a c:/program files/microchip/xc32/v4.10/bin/bin/../../lib/gcc/pic32c/8.3.1/../../../../pic32c/lib/thumb/v7e-m+fp/hard\libc-musl.a(__fmt_o.o)
 .debug_loc     0x0006b1b7      0x157 c:/program files/microchip/xc32/v4.10/bin/bin/../../lib/gcc/pic32c/8.3.1/../../../../pic32c/lib/thumb/v7e-m+fp/hard\libc-musl.a(__fmt_s.o)
 .debug_loc     0x0006b30e      0x2a2 c:/program files/microchip/xc32/v4.10/bin/bin/../../lib/gcc/pic32c/8.3.1/../../../../pic32c/lib/thumb/v7e-m+fp/hard\libc-musl.a(__fmt_u.o)
 .debug_loc     0x0006b5b0      0x2a8 c:/program files/microchip/xc32/v4.10/bin/bin/../../lib/gcc/pic32c/8.3.1/../../../../pic32c/lib/thumb/v7e-m+fp/hard\libc-musl.a(__fmt_x.o)
 .debug_loc     0x0006b858       0xa6 c:/program files/microchip/xc32/v4.10/bin/bin/../../lib/gcc/pic32c/8.3.1/../../../../pic32c/lib/thumb/v7e-m+fp/hard\libc-musl.a(__pop_float.o)
 .debug_loc     0x0006b8fe      0x312 c:/program files/microchip/xc32/v4.10/bin/bin/../../lib/gcc/pic32c/8.3.1/../../../../pic32c/lib/thumb/v7e-m+fp/hard\libc-musl.a(__pop_int.o)
 .debug_loc     0x0006bc10      0x1db c:/program files/microchip/xc32/v4.10/bin/bin/../../lib/gcc/pic32c/8.3.1/../../../../pic32c/lib/thumb/v7e-m+fp/hard\libc-musl.a(__pop_ptr.o)
 .debug_loc     0x0006bdeb      0xe79 c:/program files/microchip/xc32/v4.10/bin/bin/../../lib/gcc/pic32c/8.3.1/thumb/v7e-m+fp/hard\libgcc.a(_udivmoddi4.o)

.debug_aranges  0x00000000     0x34b8
 .debug_aranges
                0x00000000      0x1d0 build/default/production/_ext/1645245335/crypto.o
 .debug_aranges
                0x000001d0       0x30 build/default/production/_ext/444070925/drv_extphy_lan8740.o
 .debug_aranges
                0x00000200      0x2b8 build/default/production/_ext/444070925/drv_ethphy.o
 .debug_aranges
                0x000004b8      0x118 build/default/production/_ext/1546807373/drv_gmac.o
 .debug_aranges
                0x000005d0      0x2d0 build/default/production/_ext/1546807373/drv_gmac_lib_samE5x.o
 .debug_aranges
                0x000008a0       0xd0 build/default/production/_ext/1319885263/tc6.o
 .debug_aranges
                0x00000970      0x190 build/default/production/_ext/181894553/drv_lan865x_api.o
 .debug_aranges
                0x00000b00       0x68 build/default/production/_ext/438849557/drv_miim_gmac.o
 .debug_aranges
                0x00000b68      0x128 build/default/production/_ext/438849557/drv_miim.o
 .debug_aranges
                0x00000c90       0xb8 build/default/production/_ext/2070931557/drv_spi.o
 .debug_aranges
                0x00000d48       0x48 build/default/production/_ext/1033058136/helpers.o
 .debug_aranges
                0x00000d90       0x58 build/default/production/_ext/1033058136/oahash.o
 .debug_aranges
                0x00000de8       0x50 build/default/production/_ext/1033058136/tcpip_heap_alloc.o
 .debug_aranges
                0x00000e38      0x3d0 build/default/production/_ext/1033058136/tcpip_manager.o
 .debug_aranges
                0x00001208       0x68 build/default/production/_ext/1033058136/dns.o
 .debug_aranges
                0x00001270      0x220 build/default/production/_ext/1033058136/tcpip_helpers.o
 .debug_aranges
                0x00001490       0x28 build/default/production/_ext/1033058136/hash_fnv.o
 .debug_aranges
                0x000014b8       0xf0 build/default/production/_ext/1033058136/tcpip_commands.o
 .debug_aranges